../Core/Src/main.c:112:5:main	8	static
../Core/Src/main.c:210:6:SystemClock_Config	88	static
../Core/Src/main.c:252:13:MX_ADC1_Init	24	static
../Core/Src/main.c:304:13:MX_USART2_UART_Init	8	static
../Core/Src/main.c:337:13:MX_GPIO_Init	40	static
../Core/Src/main.c:368:6:StartDefaultTask	16	static
../Core/Src/main.c:386:6:Task1_func	64	static
../Core/Src/main.c:421:6:Task2_func	24	static
../Core/Src/main.c:447:6:Timer1_func	16	static
../Core/Src/main.c:460:6:Error_Handler	4	static,ignoring_inline_asm
