../Core/Src/main.c:27:1:main	8	static
../Core/Src/main.c:49:1:vectortable_move	24	static
../Core/Src/main.c:68:1:tim_systick_init	16	static
../Core/Src/main.c:90:1:sys_delay_ms	24	static
../Core/Src/main.c:106:1:interrupt_init	24	static
../Core/Src/main.c:138:1:dma_init	40	static
../Core/Src/main.c:173:1:spi_init	48	static
../Core/Src/main.c:229:1:spi_send_data	32	static
../Core/Src/main.c:258:1:spi_receive_data	24	static
../Core/Src/main.c:289:1:spi_receive_handler	16	static
../Core/Src/main.c:313:1:dma_transfer_handler	16	static,ignoring_inline_asm
