../Core/Src/main.c:30:1:main	8	static
../Core/Src/main.c:54:1:vectortable_move	24	static
../Core/Src/main.c:73:1:tim_systick_init	16	static
../Core/Src/main.c:95:1:sys_delay_ms	24	static
../Core/Src/main.c:111:1:interrupt_init	24	static
../Core/Src/main.c:143:1:dma_init	40	static
../Core/Src/main.c:178:1:spi_init	48	static
../Core/Src/main.c:234:1:spi_ss_enable	16	static
../Core/Src/main.c:246:1:spi_ss_disable	16	static
../Core/Src/main.c:258:1:spi_send_data	32	static
../Core/Src/main.c:281:6:spi_send_string	16	static
../Core/Src/main.c:295:1:spi_receive_data	24	static
../Core/Src/main.c:319:1:spi_receive_handler	16	static
../Core/Src/main.c:343:1:dma_transfer_handler	16	static,ignoring_inline_asm
