../Core/Src/main.c:26:1:main	8	static
../Core/Src/main.c:59:1:custom_delay	24	static,ignoring_inline_asm
../Core/Src/main.c:72:1:gpio_led_init	16	static
../Core/Src/main.c:89:1:gpio_led_write	24	static
../Core/Src/main.c:106:1:vectortable_move	24	static
../Core/Src/main.c:127:1:exti0_init	24	static
../Core/Src/main.c:158:1:EXTI0_IRQHandler	16	static
../Core/Src/main.c:171:1:exti0_handler	16	static
../Core/Src/main.c:187:1:exti1_init	24	static
../Core/Src/main.c:218:1:EXTI1_IRQHandler	16	static
../Core/Src/main.c:234:1:exti1_handler	16	static
