../Core/Src/main.c:27:5:main	8	static
../Core/Src/main.c:58:6:custom_delay	24	static,ignoring_inline_asm
../Core/Src/main.c:71:6:gpio_led_init	16	static
../Core/Src/main.c:91:6:gpio_led_write	24	static
../Core/Src/main.c:105:6:vectortable_move	24	static
../Core/Src/main.c:125:6:exti0_init	24	static
../Core/Src/main.c:155:6:EXTI0_IRQHandler	16	static
../Core/Src/main.c:167:6:exti0_handler	16	static
../Core/Src/main.c:177:6:exti1_init	24	static
../Core/Src/main.c:202:6:EXTI1_IRQHandler	16	static
../Core/Src/main.c:217:6:exti1_handler	16	static
