../Core/Src/main.c:268:1:flash_lock	16	static
../Core/Src/main.c:284:1:flash_unlock	16	static
../Core/Src/main.c:302:1:flash_erase_sector	24	static
../Core/Src/main.c:331:1:flash_program_byte	40	static
../Core/Src/main.c:360:1:reset_system	16	static
../Core/Src/main.c:374:1:update_firmware	8	static
../Core/Src/main.c:94:5:main	8	static
../Core/Src/main.c:142:6:SystemClock_Config	88	static
../Core/Src/main.c:184:13:MX_USART2_UART_Init	8	static
../Core/Src/main.c:215:13:MX_DMA_Init	16	static
../Core/Src/main.c:233:13:MX_GPIO_Init	16	static
../Core/Src/main.c:249:1:vectortable_move	24	static
../Core/Src/main.c:385:6:Error_Handler	4	static,ignoring_inline_asm
