../Core/Src/main.c:270:1:flash_lock	16	static
../Core/Src/main.c:287:1:flash_unlock	16	static
../Core/Src/main.c:306:1:flash_erase_sector	24	static
../Core/Src/main.c:336:1:flash_program_byte	40	static
../Core/Src/main.c:366:1:reset_system	16	static
../Core/Src/main.c:381:1:update_firmware	8	static
../Core/Src/main.c:94:5:main	8	static
../Core/Src/main.c:143:6:SystemClock_Config	88	static
../Core/Src/main.c:185:13:MX_USART2_UART_Init	8	static
../Core/Src/main.c:216:13:MX_DMA_Init	16	static
../Core/Src/main.c:234:13:MX_GPIO_Init	16	static
../Core/Src/main.c:250:1:vectortable_move	24	static
../Core/Src/main.c:392:6:Error_Handler	4	static,ignoring_inline_asm
