../Core/Src/main.c:35:1:main	8	static
../Core/Src/main.c:80:1:vectortable_move	24	static
../Core/Src/main.c:99:1:tim_systick_init	16	static
../Core/Src/main.c:121:1:sys_delay_ms	24	static
../Core/Src/main.c:137:1:interrupt_init	24	static
../Core/Src/main.c:169:1:dma_init	40	static
../Core/Src/main.c:204:1:spi_init	48	static
../Core/Src/main.c:260:1:spi_ss_enable	16	static
../Core/Src/main.c:272:1:spi_ss_disable	16	static
../Core/Src/main.c:284:1:spi_send_data	32	static
../Core/Src/main.c:307:6:spi_send_string	16	static
../Core/Src/main.c:321:1:spi_receive_data	24	static
../Core/Src/main.c:345:1:spi_read_sensor	16	static
../Core/Src/main.c:358:1:spi_cfg_sensor	16	static
../Core/Src/main.c:370:1:spi_receive_handler	16	static
../Core/Src/main.c:394:1:dma_transfer_handler	16	static,ignoring_inline_asm
