../Core/Src/main.c:32:1:main	8	static
../Core/Src/main.c:65:1:vectortable_move	24	static
../Core/Src/main.c:84:1:tim_systick_init	16	static
../Core/Src/main.c:106:1:sys_delay_ms	24	static
../Core/Src/main.c:122:1:interrupt_init	24	static
../Core/Src/main.c:154:1:dma_init	40	static
../Core/Src/main.c:189:1:spi_init	48	static
../Core/Src/main.c:245:1:spi_ss_enable	16	static
../Core/Src/main.c:257:1:spi_ss_disable	16	static
../Core/Src/main.c:269:1:spi_send_data	32	static
../Core/Src/main.c:292:6:spi_send_string	16	static
../Core/Src/main.c:306:1:spi_receive_data	24	static
../Core/Src/main.c:330:1:spi_read_sensor	16	static
../Core/Src/main.c:343:1:spi_cfg_sensor	16	static
../Core/Src/main.c:355:1:spi_receive_handler	16	static
../Core/Src/main.c:379:1:dma_transfer_handler	16	static,ignoring_inline_asm
