Archive member included to satisfy reference by file (symbol)

d:/program file user/stm32cubeide/stm32cubeide_1.9.0/stm32cubeide/plugins/com.st.stm32cube.ide.mcu.externaltools.gnu-tools-for-stm32.10.3-2021.10.win32_1.0.0.202111181127/tools/bin/../lib/gcc/arm-none-eabi/10.3.1/../../../../arm-none-eabi/lib/thumb/v7e-m+fp/hard\libc_nano.a(lib_a-errno.o)
                              ./Core/Src/syscalls.o (__errno)
d:/program file user/stm32cubeide/stm32cubeide_1.9.0/stm32cubeide/plugins/com.st.stm32cube.ide.mcu.externaltools.gnu-tools-for-stm32.10.3-2021.10.win32_1.0.0.202111181127/tools/bin/../lib/gcc/arm-none-eabi/10.3.1/../../../../arm-none-eabi/lib/thumb/v7e-m+fp/hard\libc_nano.a(lib_a-exit.o)
                              d:/program file user/stm32cubeide/stm32cubeide_1.9.0/stm32cubeide/plugins/com.st.stm32cube.ide.mcu.externaltools.gnu-tools-for-stm32.10.3-2021.10.win32_1.0.0.202111181127/tools/bin/../lib/gcc/arm-none-eabi/10.3.1/../../../../arm-none-eabi/lib/thumb/v7e-m+fp/hard/crt0.o (exit)
d:/program file user/stm32cubeide/stm32cubeide_1.9.0/stm32cubeide/plugins/com.st.stm32cube.ide.mcu.externaltools.gnu-tools-for-stm32.10.3-2021.10.win32_1.0.0.202111181127/tools/bin/../lib/gcc/arm-none-eabi/10.3.1/../../../../arm-none-eabi/lib/thumb/v7e-m+fp/hard\libc_nano.a(lib_a-impure.o)
                              d:/program file user/stm32cubeide/stm32cubeide_1.9.0/stm32cubeide/plugins/com.st.stm32cube.ide.mcu.externaltools.gnu-tools-for-stm32.10.3-2021.10.win32_1.0.0.202111181127/tools/bin/../lib/gcc/arm-none-eabi/10.3.1/../../../../arm-none-eabi/lib/thumb/v7e-m+fp/hard\libc_nano.a(lib_a-exit.o) (_global_impure_ptr)
d:/program file user/stm32cubeide/stm32cubeide_1.9.0/stm32cubeide/plugins/com.st.stm32cube.ide.mcu.externaltools.gnu-tools-for-stm32.10.3-2021.10.win32_1.0.0.202111181127/tools/bin/../lib/gcc/arm-none-eabi/10.3.1/../../../../arm-none-eabi/lib/thumb/v7e-m+fp/hard\libc_nano.a(lib_a-init.o)
                              d:/program file user/stm32cubeide/stm32cubeide_1.9.0/stm32cubeide/plugins/com.st.stm32cube.ide.mcu.externaltools.gnu-tools-for-stm32.10.3-2021.10.win32_1.0.0.202111181127/tools/bin/../lib/gcc/arm-none-eabi/10.3.1/../../../../arm-none-eabi/lib/thumb/v7e-m+fp/hard/crt0.o (__libc_init_array)
d:/program file user/stm32cubeide/stm32cubeide_1.9.0/stm32cubeide/plugins/com.st.stm32cube.ide.mcu.externaltools.gnu-tools-for-stm32.10.3-2021.10.win32_1.0.0.202111181127/tools/bin/../lib/gcc/arm-none-eabi/10.3.1/../../../../arm-none-eabi/lib/thumb/v7e-m+fp/hard\libc_nano.a(lib_a-memcpy-stub.o)
                              ./Core/Src/main.o (memcpy)
d:/program file user/stm32cubeide/stm32cubeide_1.9.0/stm32cubeide/plugins/com.st.stm32cube.ide.mcu.externaltools.gnu-tools-for-stm32.10.3-2021.10.win32_1.0.0.202111181127/tools/bin/../lib/gcc/arm-none-eabi/10.3.1/../../../../arm-none-eabi/lib/thumb/v7e-m+fp/hard\libc_nano.a(lib_a-memset.o)
                              d:/program file user/stm32cubeide/stm32cubeide_1.9.0/stm32cubeide/plugins/com.st.stm32cube.ide.mcu.externaltools.gnu-tools-for-stm32.10.3-2021.10.win32_1.0.0.202111181127/tools/bin/../lib/gcc/arm-none-eabi/10.3.1/../../../../arm-none-eabi/lib/thumb/v7e-m+fp/hard/crt0.o (memset)
d:/program file user/stm32cubeide/stm32cubeide_1.9.0/stm32cubeide/plugins/com.st.stm32cube.ide.mcu.externaltools.gnu-tools-for-stm32.10.3-2021.10.win32_1.0.0.202111181127/tools/bin/../lib/gcc/arm-none-eabi/10.3.1/../../../../arm-none-eabi/lib/thumb/v7e-m+fp/hard\libc_nano.a(lib_a-puts.o)
                              ./Core/Src/main.o (puts)
d:/program file user/stm32cubeide/stm32cubeide_1.9.0/stm32cubeide/plugins/com.st.stm32cube.ide.mcu.externaltools.gnu-tools-for-stm32.10.3-2021.10.win32_1.0.0.202111181127/tools/bin/../lib/gcc/arm-none-eabi/10.3.1/../../../../arm-none-eabi/lib/thumb/v7e-m+fp/hard\libc_nano.a(lib_a-wbuf.o)
                              d:/program file user/stm32cubeide/stm32cubeide_1.9.0/stm32cubeide/plugins/com.st.stm32cube.ide.mcu.externaltools.gnu-tools-for-stm32.10.3-2021.10.win32_1.0.0.202111181127/tools/bin/../lib/gcc/arm-none-eabi/10.3.1/../../../../arm-none-eabi/lib/thumb/v7e-m+fp/hard\libc_nano.a(lib_a-puts.o) (__swbuf_r)
d:/program file user/stm32cubeide/stm32cubeide_1.9.0/stm32cubeide/plugins/com.st.stm32cube.ide.mcu.externaltools.gnu-tools-for-stm32.10.3-2021.10.win32_1.0.0.202111181127/tools/bin/../lib/gcc/arm-none-eabi/10.3.1/../../../../arm-none-eabi/lib/thumb/v7e-m+fp/hard\libc_nano.a(lib_a-wsetup.o)
                              d:/program file user/stm32cubeide/stm32cubeide_1.9.0/stm32cubeide/plugins/com.st.stm32cube.ide.mcu.externaltools.gnu-tools-for-stm32.10.3-2021.10.win32_1.0.0.202111181127/tools/bin/../lib/gcc/arm-none-eabi/10.3.1/../../../../arm-none-eabi/lib/thumb/v7e-m+fp/hard\libc_nano.a(lib_a-puts.o) (__swsetup_r)
[...]
Memory Configuration

Name             Origin             Length             Attributes
RAM              0x0000000020000000 0x0000000000020000 xrw
FLASH            0x0000000008000000 0x0000000000080000 xr
*default*        0x0000000000000000 0xffffffffffffffff

Linker script and memory map

LOAD d:/program file user/stm32cubeide/stm32cubeide_1.9.0/stm32cubeide/plugins/com.st.stm32cube.ide.mcu.externaltools.gnu-tools-for-stm32.10.3-2021.10.win32_1.0.0.202111181127/tools/bin/../lib/gcc/arm-none-eabi/10.3.1/thumb/v7e-m+fp/hard/crti.o
LOAD d:/program file user/stm32cubeide/stm32cubeide_1.9.0/stm32cubeide/plugins/com.st.stm32cube.ide.mcu.externaltools.gnu-tools-for-stm32.10.3-2021.10.win32_1.0.0.202111181127/tools/bin/../lib/gcc/arm-none-eabi/10.3.1/thumb/v7e-m+fp/hard/crtbegin.o
LOAD d:/program file user/stm32cubeide/stm32cubeide_1.9.0/stm32cubeide/plugins/com.st.stm32cube.ide.mcu.externaltools.gnu-tools-for-stm32.10.3-2021.10.win32_1.0.0.202111181127/tools/bin/../lib/gcc/arm-none-eabi/10.3.1/../../../../arm-none-eabi/lib/thumb/v7e-m+fp/hard/crt0.o
LOAD ./Core/Src/main.o
LOAD ./Core/Src/stm32f4xx_hal_msp.o
LOAD ./Core/Src/stm32f4xx_it.o
LOAD ./Core/Src/syscalls.o
LOAD ./Core/Src/sysmem.o
LOAD ./Core/Src/system_stm32f4xx.o
LOAD ./Core/Startup/startup_stm32f411vetx.o
LOAD ./Drivers/STM32F4xx_HAL_Driver/Src/stm32f4xx_hal.o
LOAD ./Drivers/STM32F4xx_HAL_Driver/Src/stm32f4xx_hal_cortex.o
LOAD ./Drivers/STM32F4xx_HAL_Driver/Src/stm32f4xx_hal_dma.o
LOAD ./Drivers/STM32F4xx_HAL_Driver/Src/stm32f4xx_hal_dma_ex.o
LOAD ./Drivers/STM32F4xx_HAL_Driver/Src/stm32f4xx_hal_exti.o
LOAD ./Drivers/STM32F4xx_HAL_Driver/Src/stm32f4xx_hal_flash.o
LOAD ./Drivers/STM32F4xx_HAL_Driver/Src/stm32f4xx_hal_flash_ex.o
LOAD ./Drivers/STM32F4xx_HAL_Driver/Src/stm32f4xx_hal_flash_ramfunc.o
LOAD ./Drivers/STM32F4xx_HAL_Driver/Src/stm32f4xx_hal_gpio.o
LOAD ./Drivers/STM32F4xx_HAL_Driver/Src/stm32f4xx_hal_pwr.o
LOAD ./Drivers/STM32F4xx_HAL_Driver/Src/stm32f4xx_hal_pwr_ex.o
LOAD ./Drivers/STM32F4xx_HAL_Driver/Src/stm32f4xx_hal_rcc.o
LOAD ./Drivers/STM32F4xx_HAL_Driver/Src/stm32f4xx_hal_rcc_ex.o
LOAD ./Drivers/STM32F4xx_HAL_Driver/Src/stm32f4xx_hal_tim.o
LOAD ./Drivers/STM32F4xx_HAL_Driver/Src/stm32f4xx_hal_tim_ex.o
LOAD ./Drivers/STM32F4xx_HAL_Driver/Src/stm32f4xx_hal_uart.o
START GROUP
LOAD d:/program file user/stm32cubeide/stm32cubeide_1.9.0/stm32cubeide/plugins/com.st.stm32cube.ide.mcu.externaltools.gnu-tools-for-stm32.10.3-2021.10.win32_1.0.0.202111181127/tools/bin/../lib/gcc/arm-none-eabi/10.3.1/../../../../arm-none-eabi/lib/thumb/v7e-m+fp/hard\libc_nano.a
LOAD d:/program file user/stm32cubeide/stm32cubeide_1.9.0/stm32cubeide/plugins/com.st.stm32cube.ide.mcu.externaltools.gnu-tools-for-stm32.10.3-2021.10.win32_1.0.0.202111181127/tools/bin/../lib/gcc/arm-none-eabi/10.3.1/../../../../arm-none-eabi/lib/thumb/v7e-m+fp/hard\libm.a
END GROUP
START GROUP
LOAD d:/program file user/stm32cubeide/stm32cubeide_1.9.0/stm32cubeide/plugins/com.st.stm32cube.ide.mcu.externaltools.gnu-tools-for-stm32.10.3-2021.10.win32_1.0.0.202111181127/tools/bin/../lib/gcc/arm-none-eabi/10.3.1/thumb/v7e-m+fp/hard\libgcc.a
LOAD d:/program file user/stm32cubeide/stm32cubeide_1.9.0/stm32cubeide/plugins/com.st.stm32cube.ide.mcu.externaltools.gnu-tools-for-stm32.10.3-2021.10.win32_1.0.0.202111181127/tools/bin/../lib/gcc/arm-none-eabi/10.3.1/../../../../arm-none-eabi/lib/thumb/v7e-m+fp/hard\libc_nano.a
END GROUP
START GROUP
LOAD d:/program file user/stm32cubeide/stm32cubeide_1.9.0/stm32cubeide/plugins/com.st.stm32cube.ide.mcu.externaltools.gnu-tools-for-stm32.10.3-2021.10.win32_1.0.0.202111181127/tools/bin/../lib/gcc/arm-none-eabi/10.3.1/thumb/v7e-m+fp/hard\libgcc.a
LOAD d:/program file user/stm32cubeide/stm32cubeide_1.9.0/stm32cubeide/plugins/com.st.stm32cube.ide.mcu.externaltools.gnu-tools-for-stm32.10.3-2021.10.win32_1.0.0.202111181127/tools/bin/../lib/gcc/arm-none-eabi/10.3.1/../../../../arm-none-eabi/lib/thumb/v7e-m+fp/hard\libc_nano.a
LOAD d:/program file user/stm32cubeide/stm32cubeide_1.9.0/stm32cubeide/plugins/com.st.stm32cube.ide.mcu.externaltools.gnu-tools-for-stm32.10.3-2021.10.win32_1.0.0.202111181127/tools/bin/../lib/gcc/arm-none-eabi/10.3.1/../../../../arm-none-eabi/lib/thumb/v7e-m+fp/hard\libnosys.a
END GROUP
START GROUP
LOAD d:/program file user/stm32cubeide/stm32cubeide_1.9.0/stm32cubeide/plugins/com.st.stm32cube.ide.mcu.externaltools.gnu-tools-for-stm32.10.3-2021.10.win32_1.0.0.202111181127/tools/bin/../lib/gcc/arm-none-eabi/10.3.1/thumb/v7e-m+fp/hard\libgcc.a
LOAD d:/program file user/stm32cubeide/stm32cubeide_1.9.0/stm32cubeide/plugins/com.st.stm32cube.ide.mcu.externaltools.gnu-tools-for-stm32.10.3-2021.10.win32_1.0.0.202111181127/tools/bin/../lib/gcc/arm-none-eabi/10.3.1/../../../../arm-none-eabi/lib/thumb/v7e-m+fp/hard\libc_nano.a
LOAD d:/program file user/stm32cubeide/stm32cubeide_1.9.0/stm32cubeide/plugins/com.st.stm32cube.ide.mcu.externaltools.gnu-tools-for-stm32.10.3-2021.10.win32_1.0.0.202111181127/tools/bin/../lib/gcc/arm-none-eabi/10.3.1/../../../../arm-none-eabi/lib/thumb/v7e-m+fp/hard\libnosys.a
END GROUP
LOAD d:/program file user/stm32cubeide/stm32cubeide_1.9.0/stm32cubeide/plugins/com.st.stm32cube.ide.mcu.externaltools.gnu-tools-for-stm32.10.3-2021.10.win32_1.0.0.202111181127/tools/bin/../lib/gcc/arm-none-eabi/10.3.1/thumb/v7e-m+fp/hard/crtend.o
LOAD d:/program file user/stm32cubeide/stm32cubeide_1.9.0/stm32cubeide/plugins/com.st.stm32cube.ide.mcu.externaltools.gnu-tools-for-stm32.10.3-2021.10.win32_1.0.0.202111181127/tools/bin/../lib/gcc/arm-none-eabi/10.3.1/thumb/v7e-m+fp/hard/crtn.o
                0x0000000020020000                _estack = (ORIGIN (RAM) + LENGTH (RAM))
                0x0000000000000200                _Min_Heap_Size = 0x200
                0x0000000000000400                _Min_Stack_Size = 0x400

.isr_vector     0x0000000008000000      0x198
                0x0000000008000000                . = ALIGN (0x4)
 *(.isr_vector)
 .isr_vector    0x0000000008000000      0x198 ./Core/Startup/startup_stm32f411vetx.o
                0x0000000008000000                g_pfnVectors
                0x0000000008000198                . = ALIGN (0x4)

.text           0x0000000008000198     0x2980
                0x0000000008000198                . = ALIGN (0x4)
 *(.text)
 .text          0x0000000008000198       0x40 d:/program file user/stm32cubeide/stm32cubeide_1.9.0/stm32cubeide/plugins/com.st.stm32cube.ide.mcu.externaltools.gnu-tools-for-stm32.10.3-2021.10.win32_1.0.0.202111181127/tools/bin/../lib/gcc/arm-none-eabi/10.3.1/thumb/v7e-m+fp/hard/crtbegin.o
 .text          0x00000000080001d8       0x30 d:/program file user/stm32cubeide/stm32cubeide_1.9.0/stm32cubeide/plugins/com.st.stm32cube.ide.mcu.externaltools.gnu-tools-for-stm32.10.3-2021.10.win32_1.0.0.202111181127/tools/bin/../lib/gcc/arm-none-eabi/10.3.1/thumb/v7e-m+fp/hard\libgcc.a(_aeabi_uldivmod.o)
                0x00000000080001d8                __aeabi_uldivmod
 .text          0x0000000008000208      0x2d0 d:/program file user/stm32cubeide/stm32cubeide_1.9.0/stm32cubeide/plugins/com.st.stm32cube.ide.mcu.externaltools.gnu-tools-for-stm32.10.3-2021.10.win32_1.0.0.202111181127/tools/bin/../lib/gcc/arm-none-eabi/10.3.1/thumb/v7e-m+fp/hard\libgcc.a(_udivmoddi4.o)
                0x0000000008000208                __udivmoddi4
 .text          0x00000000080004d8        0x4 d:/program file user/stm32cubeide/stm32cubeide_1.9.0/stm32cubeide/plugins/com.st.stm32cube.ide.mcu.externaltools.gnu-tools-for-stm32.10.3-2021.10.win32_1.0.0.202111181127/tools/bin/../lib/gcc/arm-none-eabi/10.3.1/thumb/v7e-m+fp/hard\libgcc.a(_dvmd_tls.o)
                0x00000000080004d8                __aeabi_idiv0
                0x00000000080004d8                __aeabi_ldiv0
 *(.text*)
 .text.main     0x00000000080004dc       0x5c ./Core/Src/main.o
                0x00000000080004dc                main
 .text.MX_USART2_UART_Init
                0x0000000008000538       0x54 ./Core/Src/main.o
 .text.MX_DMA_Init
                0x000000000800058c       0x40 ./Core/Src/main.o
 .text.MX_GPIO_Init
                0x00000000080005cc       0x34 ./Core/Src/main.o
 .text.Error_Handler
                0x0000000008000600        0xa ./Core/Src/main.o
                0x0000000008000600                Error_Handler
 *fill*         0x000000000800060a        0x2 
 .text.HAL_MspInit
                0x000000000800060c       0x50 ./Core/Src/stm32f4xx_hal_msp.o
                0x000000000800060c                HAL_MspInit
 .text.HAL_UART_MspInit
                0x000000000800065c       0xf4 ./Core/Src/stm32f4xx_hal_msp.o
                0x000000000800065c                HAL_UART_MspInit
 .text.NMI_Handler
                0x0000000008000750        0x6 ./Core/Src/stm32f4xx_it.o
                0x0000000008000750                NMI_Handler
 .text.HardFault_Handler
                0x0000000008000756        0x6 ./Core/Src/stm32f4xx_it.o
                0x0000000008000756                HardFault_Handler
 .text.MemManage_Handler
                0x000000000800075c        0x6 ./Core/Src/stm32f4xx_it.o
                0x000000000800075c                MemManage_Handler
 .text.BusFault_Handler
                0x0000000008000762        0x6 ./Core/Src/stm32f4xx_it.o
                0x0000000008000762                BusFault_Handler
 .text.UsageFault_Handler
                0x0000000008000768        0x6 ./Core/Src/stm32f4xx_it.o
                0x0000000008000768                UsageFault_Handler
 .text.SVC_Handler
                0x000000000800076e        0xe ./Core/Src/stm32f4xx_it.o
                0x000000000800076e                SVC_Handler
 .text.DebugMon_Handler
                0x000000000800077c        0xe ./Core/Src/stm32f4xx_it.o
                0x000000000800077c                DebugMon_Handler
 .text.PendSV_Handler
                0x000000000800078a        0xe ./Core/Src/stm32f4xx_it.o
                0x000000000800078a                PendSV_Handler
 .text.SysTick_Handler
                0x0000000008000798        0xc ./Core/Src/stm32f4xx_it.o
                0x0000000008000798                SysTick_Handler
 .text.DMA1_Stream5_IRQHandler
                0x00000000080007a4       0x28 ./Core/Src/stm32f4xx_it.o
                0x00000000080007a4                DMA1_Stream5_IRQHandler
 .text._read    0x00000000080007cc       0x3a ./Core/Src/syscalls.o
                0x00000000080007cc                _read
 .text._write   0x0000000008000806       0x38 ./Core/Src/syscalls.o
                0x0000000008000806                _write
 .text._close   0x000000000800083e       0x18 ./Core/Src/syscalls.o
                0x000000000800083e                _close
 .text._fstat   0x0000000008000856       0x20 ./Core/Src/syscalls.o
                0x0000000008000856                _fstat
 .text._isatty  0x0000000008000876       0x16 ./Core/Src/syscalls.o
                0x0000000008000876                _isatty
 .text._lseek   0x000000000800088c       0x1a ./Core/Src/syscalls.o
                0x000000000800088c                _lseek
 *fill*         0x00000000080008a6        0x2 
 .text._sbrk    0x00000000080008a8       0x6c ./Core/Src/sysmem.o
                0x00000000080008a8                _sbrk
 .text.SystemInit
                0x0000000008000914       0x24 ./Core/Src/system_stm32f4xx.o
                0x0000000008000914                SystemInit
 .text.Reset_Handler
                0x0000000008000938       0x50 ./Core/Startup/startup_stm32f411vetx.o
                0x0000000008000938                Reset_Handler
 .text.Default_Handler
                0x0000000008000988        0x2 ./Core/Startup/startup_stm32f411vetx.o
                0x0000000008000988                RTC_Alarm_IRQHandler
                0x0000000008000988                EXTI2_IRQHandler
                0x0000000008000988                SPI4_IRQHandler
                0x0000000008000988                TIM1_CC_IRQHandler
                0x0000000008000988                DMA2_Stream5_IRQHandler
                0x0000000008000988                PVD_IRQHandler
                0x0000000008000988                SDIO_IRQHandler
                0x0000000008000988                TAMP_STAMP_IRQHandler
                0x0000000008000988                EXTI3_IRQHandler
                0x0000000008000988                TIM1_UP_TIM10_IRQHandler
                0x0000000008000988                I2C3_ER_IRQHandler
                0x0000000008000988                EXTI0_IRQHandler
                0x0000000008000988                I2C2_EV_IRQHandler
                0x0000000008000988                DMA1_Stream2_IRQHandler
                0x0000000008000988                FPU_IRQHandler
                0x0000000008000988                DMA2_Stream2_IRQHandler
                0x0000000008000988                SPI1_IRQHandler
                0x0000000008000988                TIM1_BRK_TIM9_IRQHandler
                0x0000000008000988                DMA2_Stream3_IRQHandler
                0x0000000008000988                USART6_IRQHandler
                0x0000000008000988                DMA2_Stream0_IRQHandler
                0x0000000008000988                TIM4_IRQHandler
                0x0000000008000988                I2C1_EV_IRQHandler
                0x0000000008000988                DMA1_Stream6_IRQHandler
                0x0000000008000988                DMA1_Stream1_IRQHandler
                0x0000000008000988                TIM3_IRQHandler
                0x0000000008000988                RCC_IRQHandler
                0x0000000008000988                Default_Handler
                0x0000000008000988                EXTI15_10_IRQHandler
                0x0000000008000988                ADC_IRQHandler
                0x0000000008000988                DMA1_Stream7_IRQHandler
                0x0000000008000988                SPI5_IRQHandler
                0x0000000008000988                TIM5_IRQHandler
                0x0000000008000988                DMA2_Stream7_IRQHandler
                0x0000000008000988                I2C3_EV_IRQHandler
                0x0000000008000988                EXTI9_5_IRQHandler
                0x0000000008000988                RTC_WKUP_IRQHandler
                0x0000000008000988                SPI2_IRQHandler
                0x0000000008000988                DMA1_Stream0_IRQHandler
                0x0000000008000988                EXTI4_IRQHandler
                0x0000000008000988                WWDG_IRQHandler
                0x0000000008000988                TIM2_IRQHandler
                0x0000000008000988                OTG_FS_WKUP_IRQHandler
                0x0000000008000988                TIM1_TRG_COM_TIM11_IRQHandler
                0x0000000008000988                EXTI1_IRQHandler
                0x0000000008000988                USART2_IRQHandler
                0x0000000008000988                I2C2_ER_IRQHandler
                0x0000000008000988                DMA2_Stream1_IRQHandler
                0x0000000008000988                FLASH_IRQHandler
                0x0000000008000988                DMA2_Stream4_IRQHandler
                0x0000000008000988                USART1_IRQHandler
                0x0000000008000988                OTG_FS_IRQHandler
                0x0000000008000988                SPI3_IRQHandler
                0x0000000008000988                DMA1_Stream4_IRQHandler
                0x0000000008000988                I2C1_ER_IRQHandler
                0x0000000008000988                DMA2_Stream6_IRQHandler
                0x0000000008000988                DMA1_Stream3_IRQHandler
 *fill*         0x000000000800098a        0x2 
 .text.HAL_Init
                0x000000000800098c       0x3c ./Drivers/STM32F4xx_HAL_Driver/Src/stm32f4xx_hal.o
                0x000000000800098c                HAL_Init
 .text.HAL_IncTick
                0x00000000080009c8       0x28 ./Drivers/STM32F4xx_HAL_Driver/Src/stm32f4xx_hal.o
                0x00000000080009c8                HAL_IncTick
 .text.HAL_GetTick
                0x00000000080009f0       0x18 ./Drivers/STM32F4xx_HAL_Driver/Src/stm32f4xx_hal.o
                0x00000000080009f0                HAL_GetTick
 .text.__NVIC_SetPriorityGrouping
                0x0000000008000a08       0x48 ./Drivers/STM32F4xx_HAL_Driver/Src/stm32f4xx_hal_cortex.o
 .text.__NVIC_GetPriorityGrouping
                0x0000000008000a50       0x1c ./Drivers/STM32F4xx_HAL_Driver/Src/stm32f4xx_hal_cortex.o
 .text.__NVIC_EnableIRQ
                0x0000000008000a6c       0x3c ./Drivers/STM32F4xx_HAL_Driver/Src/stm32f4xx_hal_cortex.o
 .text.__NVIC_SetPriority
                0x0000000008000aa8       0x54 ./Drivers/STM32F4xx_HAL_Driver/Src/stm32f4xx_hal_cortex.o
 .text.NVIC_EncodePriority
                0x0000000008000afc       0x66 ./Drivers/STM32F4xx_HAL_Driver/Src/stm32f4xx_hal_cortex.o
 .text.HAL_NVIC_SetPriorityGrouping
                0x0000000008000b62       0x16 ./Drivers/STM32F4xx_HAL_Driver/Src/stm32f4xx_hal_cortex.o
                0x0000000008000b62                HAL_NVIC_SetPriorityGrouping
 .text.HAL_NVIC_SetPriority
                0x0000000008000b78       0x38 ./Drivers/STM32F4xx_HAL_Driver/Src/stm32f4xx_hal_cortex.o
                0x0000000008000b78                HAL_NVIC_SetPriority
 .text.HAL_NVIC_EnableIRQ
                0x0000000008000bb0       0x1c ./Drivers/STM32F4xx_HAL_Driver/Src/stm32f4xx_hal_cortex.o
                0x0000000008000bb0                HAL_NVIC_EnableIRQ
 .text.HAL_DMA_Init
                0x0000000008000bcc      0x15c ./Drivers/STM32F4xx_HAL_Driver/Src/stm32f4xx_hal_dma.o
                0x0000000008000bcc                HAL_DMA_Init
 .text.HAL_DMA_Start_IT
                0x0000000008000d28       0xb0 ./Drivers/STM32F4xx_HAL_Driver/Src/stm32f4xx_hal_dma.o
                0x0000000008000d28                HAL_DMA_Start_IT
 .text.HAL_DMA_IRQHandler
                0x0000000008000dd8      0x314 ./Drivers/STM32F4xx_HAL_Driver/Src/stm32f4xx_hal_dma.o
                0x0000000008000dd8                HAL_DMA_IRQHandler
 .text.DMA_SetConfig
                0x00000000080010ec       0x5c ./Drivers/STM32F4xx_HAL_Driver/Src/stm32f4xx_hal_dma.o
 .text.DMA_CalcBaseAndBitshift
                0x0000000008001148       0x6c ./Drivers/STM32F4xx_HAL_Driver/Src/stm32f4xx_hal_dma.o
 .text.DMA_CheckFifoParam
                0x00000000080011b4       0xf8 ./Drivers/STM32F4xx_HAL_Driver/Src/stm32f4xx_hal_dma.o
 .text.HAL_GPIO_Init
                0x00000000080012ac      0x308 ./Drivers/STM32F4xx_HAL_Driver/Src/stm32f4xx_hal_gpio.o
                0x00000000080012ac                HAL_GPIO_Init
 .text.HAL_RCC_GetHCLKFreq
                0x00000000080015b4       0x18 ./Drivers/STM32F4xx_HAL_Driver/Src/stm32f4xx_hal_rcc.o
                0x00000000080015b4                HAL_RCC_GetHCLKFreq
 .text.HAL_RCC_GetPCLK1Freq
                0x00000000080015cc       0x28 ./Drivers/STM32F4xx_HAL_Driver/Src/stm32f4xx_hal_rcc.o
                0x00000000080015cc                HAL_RCC_GetPCLK1Freq
 .text.HAL_RCC_GetPCLK2Freq
                0x00000000080015f4       0x28 ./Drivers/STM32F4xx_HAL_Driver/Src/stm32f4xx_hal_rcc.o
                0x00000000080015f4                HAL_RCC_GetPCLK2Freq
 .text.HAL_UART_Init
                0x000000000800161c       0x9a ./Drivers/STM32F4xx_HAL_Driver/Src/stm32f4xx_hal_uart.o
                0x000000000800161c                HAL_UART_Init
 .text.HAL_UART_Receive_DMA
                0x00000000080016b6       0x60 ./Drivers/STM32F4xx_HAL_Driver/Src/stm32f4xx_hal_uart.o
                0x00000000080016b6                HAL_UART_Receive_DMA
 .text.HAL_UART_RxCpltCallback
                0x0000000008001716       0x14 ./Drivers/STM32F4xx_HAL_Driver/Src/stm32f4xx_hal_uart.o
                0x0000000008001716                HAL_UART_RxCpltCallback
 .text.HAL_UART_RxHalfCpltCallback
                0x000000000800172a       0x14 ./Drivers/STM32F4xx_HAL_Driver/Src/stm32f4xx_hal_uart.o
                0x000000000800172a                HAL_UART_RxHalfCpltCallback
 .text.HAL_UART_ErrorCallback
                0x000000000800173e       0x14 ./Drivers/STM32F4xx_HAL_Driver/Src/stm32f4xx_hal_uart.o
                0x000000000800173e                HAL_UART_ErrorCallback
 .text.HAL_UARTEx_RxEventCallback
                0x0000000008001752       0x18 ./Drivers/STM32F4xx_HAL_Driver/Src/stm32f4xx_hal_uart.o
                0x0000000008001752                HAL_UARTEx_RxEventCallback
 .text.UART_DMAReceiveCplt
                0x000000000800176a      0x126 ./Drivers/STM32F4xx_HAL_Driver/Src/stm32f4xx_hal_uart.o
 .text.UART_DMARxHalfCplt
                0x0000000008001890       0x36 ./Drivers/STM32F4xx_HAL_Driver/Src/stm32f4xx_hal_uart.o
 .text.UART_DMAError
                0x00000000080018c6       0x94 ./Drivers/STM32F4xx_HAL_Driver/Src/stm32f4xx_hal_uart.o
 *fill*         0x000000000800195a        0x2 
 .text.UART_Start_Receive_DMA
                0x000000000800195c      0x13c ./Drivers/STM32F4xx_HAL_Driver/Src/stm32f4xx_hal_uart.o
                0x000000000800195c                UART_Start_Receive_DMA
 .text.UART_EndTxTransfer
                0x0000000008001a98       0x50 ./Drivers/STM32F4xx_HAL_Driver/Src/stm32f4xx_hal_uart.o
 .text.UART_EndRxTransfer
                0x0000000008001ae8       0xc6 ./Drivers/STM32F4xx_HAL_Driver/Src/stm32f4xx_hal_uart.o
 *fill*         0x0000000008001bae        0x2 
 .text.UART_SetConfig
                0x0000000008001bb0      0x4e8 ./Drivers/STM32F4xx_HAL_Driver/Src/stm32f4xx_hal_uart.o
 .text.__errno  0x0000000008002098        0xc d:/program file user/stm32cubeide/stm32cubeide_1.9.0/stm32cubeide/plugins/com.st.stm32cube.ide.mcu.externaltools.gnu-tools-for-stm32.10.3-2021.10.win32_1.0.0.202111181127/tools/bin/../lib/gcc/arm-none-eabi/10.3.1/../../../../arm-none-eabi/lib/thumb/v7e-m+fp/hard\libc_nano.a(lib_a-errno.o)
                0x0000000008002098                __errno
 .text.__libc_init_array
                0x00000000080020a4       0x48 d:/program file user/stm32cubeide/stm32cubeide_1.9.0/stm32cubeide/plugins/com.st.stm32cube.ide.mcu.externaltools.gnu-tools-for-stm32.10.3-2021.10.win32_1.0.0.202111181127/tools/bin/../lib/gcc/arm-none-eabi/10.3.1/../../../../arm-none-eabi/lib/thumb/v7e-m+fp/hard\libc_nano.a(lib_a-init.o)
                0x00000000080020a4                __libc_init_array
 .text.memset   0x00000000080020ec       0x10 d:/program file user/stm32cubeide/stm32cubeide_1.9.0/stm32cubeide/plugins/com.st.stm32cube.ide.mcu.externaltools.gnu-tools-for-stm32.10.3-2021.10.win32_1.0.0.202111181127/tools/bin/../lib/gcc/arm-none-eabi/10.3.1/../../../../arm-none-eabi/lib/thumb/v7e-m+fp/hard\libc_nano.a(lib_a-memset.o)
                0x00000000080020ec                memset
 .text._puts_r  0x00000000080020fc       0xdc d:/program file user/stm32cubeide/stm32cubeide_1.9.0/stm32cubeide/plugins/com.st.stm32cube.ide.mcu.externaltools.gnu-tools-for-stm32.10.3-2021.10.win32_1.0.0.202111181127/tools/bin/../lib/gcc/arm-none-eabi/10.3.1/../../../../arm-none-eabi/lib/thumb/v7e-m+fp/hard\libc_nano.a(lib_a-puts.o)
                0x00000000080020fc                _puts_r
 .text.puts     0x00000000080021d8       0x10 d:/program file user/stm32cubeide/stm32cubeide_1.9.0/stm32cubeide/plugins/com.st.stm32cube.ide.mcu.externaltools.gnu-tools-for-stm32.10.3-2021.10.win32_1.0.0.202111181127/tools/bin/../lib/gcc/arm-none-eabi/10.3.1/../../../../arm-none-eabi/lib/thumb/v7e-m+fp/hard\libc_nano.a(lib_a-puts.o)
                0x00000000080021d8                puts
 .text.__swbuf_r
                0x00000000080021e8       0xa4 d:/program file user/stm32cubeide/stm32cubeide_1.9.0/stm32cubeide/plugins/com.st.stm32cube.ide.mcu.externaltools.gnu-tools-for-stm32.10.3-2021.10.win32_1.0.0.202111181127/tools/bin/../lib/gcc/arm-none-eabi/10.3.1/../../../../arm-none-eabi/lib/thumb/v7e-m+fp/hard\libc_nano.a(lib_a-wbuf.o)
                0x00000000080021e8                __swbuf_r
 .text.__swsetup_r
                0x000000000800228c       0xdc d:/program file user/stm32cubeide/stm32cubeide_1.9.0/stm32cubeide/plugins/com.st.stm32cube.ide.mcu.externaltools.gnu-tools-for-stm32.10.3-2021.10.win32_1.0.0.202111181127/tools/bin/../lib/gcc/arm-none-eabi/10.3.1/../../../../arm-none-eabi/lib/thumb/v7e-m+fp/hard\libc_nano.a(lib_a-wsetup.o)
                0x000000000800228c                __swsetup_r
 .text.__sflush_r
                0x0000000008002368      0x10c d:/program file user/stm32cubeide/stm32cubeide_1.9.0/stm32cubeide/plugins/com.st.stm32cube.ide.mcu.externaltools.gnu-tools-for-stm32.10.3-2021.10.win32_1.0.0.202111181127/tools/bin/../lib/gcc/arm-none-eabi/10.3.1/../../../../arm-none-eabi/lib/thumb/v7e-m+fp/hard\libc_nano.a(lib_a-fflush.o)
                0x0000000008002368                __sflush_r
 .text._fflush_r
                0x0000000008002474       0x78 d:/program file user/stm32cubeide/stm32cubeide_1.9.0/stm32cubeide/plugins/com.st.stm32cube.ide.mcu.externaltools.gnu-tools-for-stm32.10.3-2021.10.win32_1.0.0.202111181127/tools/bin/../lib/gcc/arm-none-eabi/10.3.1/../../../../arm-none-eabi/lib/thumb/v7e-m+fp/hard\libc_nano.a(lib_a-fflush.o)
                0x0000000008002474                _fflush_r
 .text.std      0x00000000080024ec       0x48 d:/program file user/stm32cubeide/stm32cubeide_1.9.0/stm32cubeide/plugins/com.st.stm32cube.ide.mcu.externaltools.gnu-tools-for-stm32.10.3-2021.10.win32_1.0.0.202111181127/tools/bin/../lib/gcc/arm-none-eabi/10.3.1/../../../../arm-none-eabi/lib/thumb/v7e-m+fp/hard\libc_nano.a(lib_a-findfp.o)
 .text._cleanup_r
                0x0000000008002534        0xc d:/program file user/stm32cubeide/stm32cubeide_1.9.0/stm32cubeide/plugins/com.st.stm32cube.ide.mcu.externaltools.gnu-tools-for-stm32.10.3-2021.10.win32_1.0.0.202111181127/tools/bin/../lib/gcc/arm-none-eabi/10.3.1/../../../../arm-none-eabi/lib/thumb/v7e-m+fp/hard\libc_nano.a(lib_a-findfp.o)
                0x0000000008002534                _cleanup_r
 .text.__sfmoreglue
                0x0000000008002540       0x2c d:/program file user/stm32cubeide/stm32cubeide_1.9.0/stm32cubeide/plugins/com.st.stm32cube.ide.mcu.externaltools.gnu-tools-for-stm32.10.3-2021.10.win32_1.0.0.202111181127/tools/bin/../lib/gcc/arm-none-eabi/10.3.1/../../../../arm-none-eabi/lib/thumb/v7e-m+fp/hard\libc_nano.a(lib_a-findfp.o)
                0x0000000008002540                __sfmoreglue
 .text.__sfp_lock_acquire
                0x000000000800256c        0xc d:/program file user/stm32cubeide/stm32cubeide_1.9.0/stm32cubeide/plugins/com.st.stm32cube.ide.mcu.externaltools.gnu-tools-for-stm32.10.3-2021.10.win32_1.0.0.202111181127/tools/bin/../lib/gcc/arm-none-eabi/10.3.1/../../../../arm-none-eabi/lib/thumb/v7e-m+fp/hard\libc_nano.a(lib_a-findfp.o)
                0x000000000800256c                __sfp_lock_acquire
 .text.__sfp_lock_release
                0x0000000008002578        0xc d:/program file user/stm32cubeide/stm32cubeide_1.9.0/stm32cubeide/plugins/com.st.stm32cube.ide.mcu.externaltools.gnu-tools-for-stm32.10.3-2021.10.win32_1.0.0.202111181127/tools/bin/../lib/gcc/arm-none-eabi/10.3.1/../../../../arm-none-eabi/lib/thumb/v7e-m+fp/hard\libc_nano.a(lib_a-findfp.o)
                0x0000000008002578                __sfp_lock_release
 .text.__sinit_lock_acquire
                0x0000000008002584        0xc d:/program file user/stm32cubeide/stm32cubeide_1.9.0/stm32cubeide/plugins/com.st.stm32cube.ide.mcu.externaltools.gnu-tools-for-stm32.10.3-2021.10.win32_1.0.0.202111181127/tools/bin/../lib/gcc/arm-none-eabi/10.3.1/../../../../arm-none-eabi/lib/thumb/v7e-m+fp/hard\libc_nano.a(lib_a-findfp.o)
                0x0000000008002584                __sinit_lock_acquire
 .text.__sinit_lock_release
                0x0000000008002590        0xc d:/program file user/stm32cubeide/stm32cubeide_1.9.0/stm32cubeide/plugins/com.st.stm32cube.ide.mcu.externaltools.gnu-tools-for-stm32.10.3-2021.10.win32_1.0.0.202111181127/tools/bin/../lib/gcc/arm-none-eabi/10.3.1/../../../../arm-none-eabi/lib/thumb/v7e-m+fp/hard\libc_nano.a(lib_a-findfp.o)
                0x0000000008002590                __sinit_lock_release
 .text.__sinit  0x000000000800259c       0x70 d:/program file user/stm32cubeide/stm32cubeide_1.9.0/stm32cubeide/plugins/com.st.stm32cube.ide.mcu.externaltools.gnu-tools-for-stm32.10.3-2021.10.win32_1.0.0.202111181127/tools/bin/../lib/gcc/arm-none-eabi/10.3.1/../../../../arm-none-eabi/lib/thumb/v7e-m+fp/hard\libc_nano.a(lib_a-findfp.o)
                0x000000000800259c                __sinit
 .text.__sfp    0x000000000800260c       0x8c d:/program file user/stm32cubeide/stm32cubeide_1.9.0/stm32cubeide/plugins/com.st.stm32cube.ide.mcu.externaltools.gnu-tools-for-stm32.10.3-2021.10.win32_1.0.0.202111181127/tools/bin/../lib/gcc/arm-none-eabi/10.3.1/../../../../arm-none-eabi/lib/thumb/v7e-m+fp/hard\libc_nano.a(lib_a-findfp.o)
                0x000000000800260c                __sfp
 .text._fwalk_reent
                0x0000000008002698       0x3e d:/program file user/stm32cubeide/stm32cubeide_1.9.0/stm32cubeide/plugins/com.st.stm32cube.ide.mcu.externaltools.gnu-tools-for-stm32.10.3-2021.10.win32_1.0.0.202111181127/tools/bin/../lib/gcc/arm-none-eabi/10.3.1/../../../../arm-none-eabi/lib/thumb/v7e-m+fp/hard\libc_nano.a(lib_a-fwalk.o)
                0x0000000008002698                _fwalk_reent
 .text.__retarget_lock_init_recursive
                0x00000000080026d6        0x2 d:/program file user/stm32cubeide/stm32cubeide_1.9.0/stm32cubeide/plugins/com.st.stm32cube.ide.mcu.externaltools.gnu-tools-for-stm32.10.3-2021.10.win32_1.0.0.202111181127/tools/bin/../lib/gcc/arm-none-eabi/10.3.1/../../../../arm-none-eabi/lib/thumb/v7e-m+fp/hard\libc_nano.a(lib_a-lock.o)
                0x00000000080026d6                __retarget_lock_init_recursive
 .text.__retarget_lock_acquire_recursive
                0x00000000080026d8        0x2 d:/program file user/stm32cubeide/stm32cubeide_1.9.0/stm32cubeide/plugins/com.st.stm32cube.ide.mcu.externaltools.gnu-tools-for-stm32.10.3-2021.10.win32_1.0.0.202111181127/tools/bin/../lib/gcc/arm-none-eabi/10.3.1/../../../../arm-none-eabi/lib/thumb/v7e-m+fp/hard\libc_nano.a(lib_a-lock.o)
                0x00000000080026d8                __retarget_lock_acquire_recursive
 .text.__retarget_lock_release_recursive
                0x00000000080026da        0x2 d:/program file user/stm32cubeide/stm32cubeide_1.9.0/stm32cubeide/plugins/com.st.stm32cube.ide.mcu.externaltools.gnu-tools-for-stm32.10.3-2021.10.win32_1.0.0.202111181127/tools/bin/../lib/gcc/arm-none-eabi/10.3.1/../../../../arm-none-eabi/lib/thumb/v7e-m+fp/hard\libc_nano.a(lib_a-lock.o)
                0x00000000080026da                __retarget_lock_release_recursive
 .text.__swhatbuf_r
                0x00000000080026dc       0x4a d:/program file user/stm32cubeide/stm32cubeide_1.9.0/stm32cubeide/plugins/com.st.stm32cube.ide.mcu.externaltools.gnu-tools-for-stm32.10.3-2021.10.win32_1.0.0.202111181127/tools/bin/../lib/gcc/arm-none-eabi/10.3.1/../../../../arm-none-eabi/lib/thumb/v7e-m+fp/hard\libc_nano.a(lib_a-makebuf.o)
                0x00000000080026dc                __swhatbuf_r
 *fill*         0x0000000008002726        0x2 
 .text.__smakebuf_r
                0x0000000008002728       0x80 d:/program file user/stm32cubeide/stm32cubeide_1.9.0/stm32cubeide/plugins/com.st.stm32cube.ide.mcu.externaltools.gnu-tools-for-stm32.10.3-2021.10.win32_1.0.0.202111181127/tools/bin/../lib/gcc/arm-none-eabi/10.3.1/../../../../arm-none-eabi/lib/thumb/v7e-m+fp/hard\libc_nano.a(lib_a-makebuf.o)
                0x0000000008002728                __smakebuf_r
 .text._free_r  0x00000000080027a8       0x98 d:/program file user/stm32cubeide/stm32cubeide_1.9.0/stm32cubeide/plugins/com.st.stm32cube.ide.mcu.externaltools.gnu-tools-for-stm32.10.3-2021.10.win32_1.0.0.202111181127/tools/bin/../lib/gcc/arm-none-eabi/10.3.1/../../../../arm-none-eabi/lib/thumb/v7e-m+fp/hard\libc_nano.a(lib_a-nano-freer.o)
                0x00000000080027a8                _free_r
 .text.sbrk_aligned
                0x0000000008002840       0x40 d:/program file user/stm32cubeide/stm32cubeide_1.9.0/stm32cubeide/plugins/com.st.stm32cube.ide.mcu.externaltools.gnu-tools-for-stm32.10.3-2021.10.win32_1.0.0.202111181127/tools/bin/../lib/gcc/arm-none-eabi/10.3.1/../../../../arm-none-eabi/lib/thumb/v7e-m+fp/hard\libc_nano.a(lib_a-nano-mallocr.o)
 .text._malloc_r
                0x0000000008002880       0xe8 d:/program file user/stm32cubeide/stm32cubeide_1.9.0/stm32cubeide/plugins/com.st.stm32cube.ide.mcu.externaltools.gnu-tools-for-stm32.10.3-2021.10.win32_1.0.0.202111181127/tools/bin/../lib/gcc/arm-none-eabi/10.3.1/../../../../arm-none-eabi/lib/thumb/v7e-m+fp/hard\libc_nano.a(lib_a-nano-mallocr.o)
                0x0000000008002880                _malloc_r
 .text._sbrk_r  0x0000000008002968       0x20 d:/program file user/stm32cubeide/stm32cubeide_1.9.0/stm32cubeide/plugins/com.st.stm32cube.ide.mcu.externaltools.gnu-tools-for-stm32.10.3-2021.10.win32_1.0.0.202111181127/tools/bin/../lib/gcc/arm-none-eabi/10.3.1/../../../../arm-none-eabi/lib/thumb/v7e-m+fp/hard\libc_nano.a(lib_a-sbrkr.o)
                0x0000000008002968                _sbrk_r
 .text.__sread  0x0000000008002988       0x22 d:/program file user/stm32cubeide/stm32cubeide_1.9.0/stm32cubeide/plugins/com.st.stm32cube.ide.mcu.externaltools.gnu-tools-for-stm32.10.3-2021.10.win32_1.0.0.202111181127/tools/bin/../lib/gcc/arm-none-eabi/10.3.1/../../../../arm-none-eabi/lib/thumb/v7e-m+fp/hard\libc_nano.a(lib_a-stdio.o)
                0x0000000008002988                __sread
 .text.__swrite
                0x00000000080029aa       0x38 d:/program file user/stm32cubeide/stm32cubeide_1.9.0/stm32cubeide/plugins/com.st.stm32cube.ide.mcu.externaltools.gnu-tools-for-stm32.10.3-2021.10.win32_1.0.0.202111181127/tools/bin/../lib/gcc/arm-none-eabi/10.3.1/../../../../arm-none-eabi/lib/thumb/v7e-m+fp/hard\libc_nano.a(lib_a-stdio.o)
                0x00000000080029aa                __swrite
 .text.__sseek  0x00000000080029e2       0x24 d:/program file user/stm32cubeide/stm32cubeide_1.9.0/stm32cubeide/plugins/com.st.stm32cube.ide.mcu.externaltools.gnu-tools-for-stm32.10.3-2021.10.win32_1.0.0.202111181127/tools/bin/../lib/gcc/arm-none-eabi/10.3.1/../../../../arm-none-eabi/lib/thumb/v7e-m+fp/hard\libc_nano.a(lib_a-stdio.o)
                0x00000000080029e2                __sseek
 .text.__sclose
                0x0000000008002a06        0x8 d:/program file user/stm32cubeide/stm32cubeide_1.9.0/stm32cubeide/plugins/com.st.stm32cube.ide.mcu.externaltools.gnu-tools-for-stm32.10.3-2021.10.win32_1.0.0.202111181127/tools/bin/../lib/gcc/arm-none-eabi/10.3.1/../../../../arm-none-eabi/lib/thumb/v7e-m+fp/hard\libc_nano.a(lib_a-stdio.o)
                0x0000000008002a06                __sclose
 *fill*         0x0000000008002a0e        0x2 
 .text._write_r
                0x0000000008002a10       0x24 d:/program file user/stm32cubeide/stm32cubeide_1.9.0/stm32cubeide/plugins/com.st.stm32cube.ide.mcu.externaltools.gnu-tools-for-stm32.10.3-2021.10.win32_1.0.0.202111181127/tools/bin/../lib/gcc/arm-none-eabi/10.3.1/../../../../arm-none-eabi/lib/thumb/v7e-m+fp/hard\libc_nano.a(lib_a-writer.o)
                0x0000000008002a10                _write_r
 .text._close_r
                0x0000000008002a34       0x20 d:/program file user/stm32cubeide/stm32cubeide_1.9.0/stm32cubeide/plugins/com.st.stm32cube.ide.mcu.externaltools.gnu-tools-for-stm32.10.3-2021.10.win32_1.0.0.202111181127/tools/bin/../lib/gcc/arm-none-eabi/10.3.1/../../../../arm-none-eabi/lib/thumb/v7e-m+fp/hard\libc_nano.a(lib_a-closer.o)
                0x0000000008002a34                _close_r
 .text._fstat_r
                0x0000000008002a54       0x24 d:/program file user/stm32cubeide/stm32cubeide_1.9.0/stm32cubeide/plugins/com.st.stm32cube.ide.mcu.externaltools.gnu-tools-for-stm32.10.3-2021.10.win32_1.0.0.202111181127/tools/bin/../lib/gcc/arm-none-eabi/10.3.1/../../../../arm-none-eabi/lib/thumb/v7e-m+fp/hard\libc_nano.a(lib_a-fstatr.o)
                0x0000000008002a54                _fstat_r
 .text._isatty_r
                0x0000000008002a78       0x20 d:/program file user/stm32cubeide/stm32cubeide_1.9.0/stm32cubeide/plugins/com.st.stm32cube.ide.mcu.externaltools.gnu-tools-for-stm32.10.3-2021.10.win32_1.0.0.202111181127/tools/bin/../lib/gcc/arm-none-eabi/10.3.1/../../../../arm-none-eabi/lib/thumb/v7e-m+fp/hard\libc_nano.a(lib_a-isattyr.o)
                0x0000000008002a78                _isatty_r
 .text._lseek_r
                0x0000000008002a98       0x24 d:/program file user/stm32cubeide/stm32cubeide_1.9.0/stm32cubeide/plugins/com.st.stm32cube.ide.mcu.externaltools.gnu-tools-for-stm32.10.3-2021.10.win32_1.0.0.202111181127/tools/bin/../lib/gcc/arm-none-eabi/10.3.1/../../../../arm-none-eabi/lib/thumb/v7e-m+fp/hard\libc_nano.a(lib_a-lseekr.o)
                0x0000000008002a98                _lseek_r
 .text.__malloc_lock
                0x0000000008002abc        0xc d:/program file user/stm32cubeide/stm32cubeide_1.9.0/stm32cubeide/plugins/com.st.stm32cube.ide.mcu.externaltools.gnu-tools-for-stm32.10.3-2021.10.win32_1.0.0.202111181127/tools/bin/../lib/gcc/arm-none-eabi/10.3.1/../../../../arm-none-eabi/lib/thumb/v7e-m+fp/hard\libc_nano.a(lib_a-mlock.o)
                0x0000000008002abc                __malloc_lock
 .text.__malloc_unlock
                0x0000000008002ac8        0xc d:/program file user/stm32cubeide/stm32cubeide_1.9.0/stm32cubeide/plugins/com.st.stm32cube.ide.mcu.externaltools.gnu-tools-for-stm32.10.3-2021.10.win32_1.0.0.202111181127/tools/bin/../lib/gcc/arm-none-eabi/10.3.1/../../../../arm-none-eabi/lib/thumb/v7e-m+fp/hard\libc_nano.a(lib_a-mlock.o)
                0x0000000008002ac8                __malloc_unlock
 .text._read_r  0x0000000008002ad4       0x24 d:/program file user/stm32cubeide/stm32cubeide_1.9.0/stm32cubeide/plugins/com.st.stm32cube.ide.mcu.externaltools.gnu-tools-for-stm32.10.3-2021.10.win32_1.0.0.202111181127/tools/bin/../lib/gcc/arm-none-eabi/10.3.1/../../../../arm-none-eabi/lib/thumb/v7e-m+fp/hard\libc_nano.a(lib_a-readr.o)
                0x0000000008002ad4                _read_r
 *(.glue_7)
 .glue_7        0x0000000008002af8        0x0 linker stubs
 *(.glue_7t)
 .glue_7t       0x0000000008002af8        0x0 linker stubs
 *(.eh_frame)
 .eh_frame      0x0000000008002af8        0x0 d:/program file user/stm32cubeide/stm32cubeide_1.9.0/stm32cubeide/plugins/com.st.stm32cube.ide.mcu.externaltools.gnu-tools-for-stm32.10.3-2021.10.win32_1.0.0.202111181127/tools/bin/../lib/gcc/arm-none-eabi/10.3.1/thumb/v7e-m+fp/hard/crtbegin.o
 *(.init)
 .init          0x0000000008002af8        0x4 d:/program file user/stm32cubeide/stm32cubeide_1.9.0/stm32cubeide/plugins/com.st.stm32cube.ide.mcu.externaltools.gnu-tools-for-stm32.10.3-2021.10.win32_1.0.0.202111181127/tools/bin/../lib/gcc/arm-none-eabi/10.3.1/thumb/v7e-m+fp/hard/crti.o
                0x0000000008002af8                _init
 .init          0x0000000008002afc        0x8 d:/program file user/stm32cubeide/stm32cubeide_1.9.0/stm32cubeide/plugins/com.st.stm32cube.ide.mcu.externaltools.gnu-tools-for-stm32.10.3-2021.10.win32_1.0.0.202111181127/tools/bin/../lib/gcc/arm-none-eabi/10.3.1/thumb/v7e-m+fp/hard/crtn.o
 *(.fini)
 .fini          0x0000000008002b04        0x4 d:/program file user/stm32cubeide/stm32cubeide_1.9.0/stm32cubeide/plugins/com.st.stm32cube.ide.mcu.externaltools.gnu-tools-for-stm32.10.3-2021.10.win32_1.0.0.202111181127/tools/bin/../lib/gcc/arm-none-eabi/10.3.1/thumb/v7e-m+fp/hard/crti.o
                0x0000000008002b04                _fini
 .fini          0x0000000008002b08        0x8 d:/program file user/stm32cubeide/stm32cubeide_1.9.0/stm32cubeide/plugins/com.st.stm32cube.ide.mcu.externaltools.gnu-tools-for-stm32.10.3-2021.10.win32_1.0.0.202111181127/tools/bin/../lib/gcc/arm-none-eabi/10.3.1/thumb/v7e-m+fp/hard/crtn.o
 .fini.__stub   0x0000000008002b10        0x8 linker stubs
                0x0000000008002b18                . = ALIGN (0x4)
                0x0000000008002b18                _etext = .

.vfp11_veneer   0x0000000008002b18        0x0
 .vfp11_veneer  0x0000000008002b18        0x0 linker stubs

.v4_bx          0x0000000008002b18        0x0
 .v4_bx         0x0000000008002b18        0x0 linker stubs

.iplt           0x0000000008002b18        0x0
 .iplt          0x0000000008002b18        0x0 d:/program file user/stm32cubeide/stm32cubeide_1.9.0/stm32cubeide/plugins/com.st.stm32cube.ide.mcu.externaltools.gnu-tools-for-stm32.10.3-2021.10.win32_1.0.0.202111181127/tools/bin/../lib/gcc/arm-none-eabi/10.3.1/thumb/v7e-m+fp/hard/crtbegin.o

.rodata         0x0000000008002b18       0xb8
                0x0000000008002b18                . = ALIGN (0x4)
 *(.rodata)
 .rodata        0x0000000008002b18       0x43 ./Core/Src/main.o
 *(.rodata*)
 *fill*         0x0000000008002b5b        0x1 
 .rodata.APBPrescTable
                0x0000000008002b5c        0x8 ./Core/Src/system_stm32f4xx.o
                0x0000000008002b5c                APBPrescTable
 .rodata.flagBitshiftOffset.0
                0x0000000008002b64        0x8 ./Drivers/STM32F4xx_HAL_Driver/Src/stm32f4xx_hal_dma.o
 .rodata._global_impure_ptr
                0x0000000008002b6c        0x4 d:/program file user/stm32cubeide/stm32cubeide_1.9.0/stm32cubeide/plugins/com.st.stm32cube.ide.mcu.externaltools.gnu-tools-for-stm32.10.3-2021.10.win32_1.0.0.202111181127/tools/bin/../lib/gcc/arm-none-eabi/10.3.1/../../../../arm-none-eabi/lib/thumb/v7e-m+fp/hard\libc_nano.a(lib_a-impure.o)
                0x0000000008002b6c                _global_impure_ptr
 .rodata.__sf_fake_stderr
                0x0000000008002b70       0x20 d:/program file user/stm32cubeide/stm32cubeide_1.9.0/stm32cubeide/plugins/com.st.stm32cube.ide.mcu.externaltools.gnu-tools-for-stm32.10.3-2021.10.win32_1.0.0.202111181127/tools/bin/../lib/gcc/arm-none-eabi/10.3.1/../../../../arm-none-eabi/lib/thumb/v7e-m+fp/hard\libc_nano.a(lib_a-findfp.o)
                0x0000000008002b70                __sf_fake_stderr
 .rodata.__sf_fake_stdin
                0x0000000008002b90       0x20 d:/program file user/stm32cubeide/stm32cubeide_1.9.0/stm32cubeide/plugins/com.st.stm32cube.ide.mcu.externaltools.gnu-tools-for-stm32.10.3-2021.10.win32_1.0.0.202111181127/tools/bin/../lib/gcc/arm-none-eabi/10.3.1/../../../../arm-none-eabi/lib/thumb/v7e-m+fp/hard\libc_nano.a(lib_a-findfp.o)
                0x0000000008002b90                __sf_fake_stdin
 .rodata.__sf_fake_stdout
                0x0000000008002bb0       0x20 d:/program file user/stm32cubeide/stm32cubeide_1.9.0/stm32cubeide/plugins/com.st.stm32cube.ide.mcu.externaltools.gnu-tools-for-stm32.10.3-2021.10.win32_1.0.0.202111181127/tools/bin/../lib/gcc/arm-none-eabi/10.3.1/../../../../arm-none-eabi/lib/thumb/v7e-m+fp/hard\libc_nano.a(lib_a-findfp.o)
                0x0000000008002bb0                __sf_fake_stdout
                0x0000000008002bd0                . = ALIGN (0x4)

.ARM.extab      0x0000000008002bd0        0x0
                0x0000000008002bd0                . = ALIGN (0x4)
 *(.ARM.extab* .gnu.linkonce.armextab.*)
                0x0000000008002bd0                . = ALIGN (0x4)

.ARM            0x0000000008002bd0        0x8
                0x0000000008002bd0                . = ALIGN (0x4)
                0x0000000008002bd0                __exidx_start = .
 *(.ARM.exidx*)
 .ARM.exidx     0x0000000008002bd0        0x8 d:/program file user/stm32cubeide/stm32cubeide_1.9.0/stm32cubeide/plugins/com.st.stm32cube.ide.mcu.externaltools.gnu-tools-for-stm32.10.3-2021.10.win32_1.0.0.202111181127/tools/bin/../lib/gcc/arm-none-eabi/10.3.1/thumb/v7e-m+fp/hard\libgcc.a(_udivmoddi4.o)
                0x0000000008002bd8                __exidx_end = .
                0x0000000008002bd8                . = ALIGN (0x4)

.rel.dyn        0x0000000008002bd8        0x0
 .rel.iplt      0x0000000008002bd8        0x0 d:/program file user/stm32cubeide/stm32cubeide_1.9.0/stm32cubeide/plugins/com.st.stm32cube.ide.mcu.externaltools.gnu-tools-for-stm32.10.3-2021.10.win32_1.0.0.202111181127/tools/bin/../lib/gcc/arm-none-eabi/10.3.1/thumb/v7e-m+fp/hard/crtbegin.o

.preinit_array  0x0000000008002bd8        0x0
                0x0000000008002bd8                . = ALIGN (0x4)
                0x0000000008002bd8                PROVIDE (__preinit_array_start = .)
 *(.preinit_array*)
                0x0000000008002bd8                PROVIDE (__preinit_array_end = .)
                0x0000000008002bd8                . = ALIGN (0x4)

.init_array     0x0000000008002bd8        0x4
                0x0000000008002bd8                . = ALIGN (0x4)
                0x0000000008002bd8                PROVIDE (__init_array_start = .)
 *(SORT_BY_NAME(.init_array.*))
 *(.init_array*)
 .init_array    0x0000000008002bd8        0x4 d:/program file user/stm32cubeide/stm32cubeide_1.9.0/stm32cubeide/plugins/com.st.stm32cube.ide.mcu.externaltools.gnu-tools-for-stm32.10.3-2021.10.win32_1.0.0.202111181127/tools/bin/../lib/gcc/arm-none-eabi/10.3.1/thumb/v7e-m+fp/hard/crtbegin.o
                0x0000000008002bdc                PROVIDE (__init_array_end = .)
                0x0000000008002bdc                . = ALIGN (0x4)

.fini_array     0x0000000008002bdc        0x4
                0x0000000008002bdc                . = ALIGN (0x4)
                [!provide]                        PROVIDE (__fini_array_start = .)
 *(SORT_BY_NAME(.fini_array.*))
 *(.fini_array*)
 .fini_array    0x0000000008002bdc        0x4 d:/program file user/stm32cubeide/stm32cubeide_1.9.0/stm32cubeide/plugins/com.st.stm32cube.ide.mcu.externaltools.gnu-tools-for-stm32.10.3-2021.10.win32_1.0.0.202111181127/tools/bin/../lib/gcc/arm-none-eabi/10.3.1/thumb/v7e-m+fp/hard/crtbegin.o
                [!provide]                        PROVIDE (__fini_array_end = .)
                0x0000000008002be0                . = ALIGN (0x4)
                0x0000000008002be0                _sidata = LOADADDR (.data)

.data           0x0000000020000000      0x238 load address 0x0000000008002be0
                0x0000000020000000                . = ALIGN (0x4)
                0x0000000020000000                _sdata = .
 *(.data)
 *(.data*)
 .data.SystemCoreClock
                0x0000000020000000        0x4 ./Core/Src/system_stm32f4xx.o
                0x0000000020000000                SystemCoreClock
 .data.uwTickFreq
                0x0000000020000004        0x1 ./Drivers/STM32F4xx_HAL_Driver/Src/stm32f4xx_hal.o
                0x0000000020000004                uwTickFreq
 *fill*         0x0000000020000005        0x3 
 .data._impure_ptr
                0x0000000020000008        0x4 d:/program file user/stm32cubeide/stm32cubeide_1.9.0/stm32cubeide/plugins/com.st.stm32cube.ide.mcu.externaltools.gnu-tools-for-stm32.10.3-2021.10.win32_1.0.0.202111181127/tools/bin/../lib/gcc/arm-none-eabi/10.3.1/../../../../arm-none-eabi/lib/thumb/v7e-m+fp/hard\libc_nano.a(lib_a-impure.o)
                0x0000000020000008                _impure_ptr
 .data.impure_data
                0x000000002000000c       0x60 d:/program file user/stm32cubeide/stm32cubeide_1.9.0/stm32cubeide/plugins/com.st.stm32cube.ide.mcu.externaltools.gnu-tools-for-stm32.10.3-2021.10.win32_1.0.0.202111181127/tools/bin/../lib/gcc/arm-none-eabi/10.3.1/../../../../arm-none-eabi/lib/thumb/v7e-m+fp/hard\libc_nano.a(lib_a-impure.o)
 *(.RamFunc)
 *(.RamFunc*)
 *(.FuncInRam)
 .FuncInRam     0x000000002000006c      0x1cc ./Core/Src/main.o
                0x000000002000006c                flash_lock
                0x00000000200000a0                flash_unlock
                0x00000000200000e4                flash_erase_sector
                0x0000000020000160                flash_program_byte
                0x00000000200001f0                reset_system
                0x0000000020000214                update_firmware
                0x0000000020000238                . = ALIGN (0x4)
                0x0000000020000238                _edata = .

.igot.plt       0x0000000020000238        0x0 load address 0x0000000008002e18
 .igot.plt      0x0000000020000238        0x0 d:/program file user/stm32cubeide/stm32cubeide_1.9.0/stm32cubeide/plugins/com.st.stm32cube.ide.mcu.externaltools.gnu-tools-for-stm32.10.3-2021.10.win32_1.0.0.202111181127/tools/bin/../lib/gcc/arm-none-eabi/10.3.1/thumb/v7e-m+fp/hard/crtbegin.o
                0x0000000020000238                . = ALIGN (0x4)

.bss            0x0000000020000238     0x1798 load address 0x0000000008002e18
                0x0000000020000238                _sbss = .
                0x0000000020000238                __bss_start__ = _sbss
 *(.bss)
 .bss           0x0000000020000238       0x1c d:/program file user/stm32cubeide/stm32cubeide_1.9.0/stm32cubeide/plugins/com.st.stm32cube.ide.mcu.externaltools.gnu-tools-for-stm32.10.3-2021.10.win32_1.0.0.202111181127/tools/bin/../lib/gcc/arm-none-eabi/10.3.1/thumb/v7e-m+fp/hard/crtbegin.o
 *(.bss*)
 .bss.huart2    0x0000000020000254       0x44 ./Core/Src/main.o
                0x0000000020000254                huart2
 .bss.hdma_usart2_rx
                0x0000000020000298       0x60 ./Core/Src/main.o
                0x0000000020000298                hdma_usart2_rx
 .bss.rx_dma_buffer
                0x00000000200002f8     0x16bc ./Core/Src/main.o
                0x00000000200002f8                rx_dma_buffer
 .bss.receive_done
                0x00000000200019b4        0x1 ./Core/Src/main.o
                0x00000000200019b4                receive_done
 *fill*         0x00000000200019b5        0x3 
 .bss.__sbrk_heap_end
                0x00000000200019b8        0x4 ./Core/Src/sysmem.o
 .bss.uwTick    0x00000000200019bc        0x4 ./Drivers/STM32F4xx_HAL_Driver/Src/stm32f4xx_hal.o
                0x00000000200019bc                uwTick
 .bss.__lock___malloc_recursive_mutex
                0x00000000200019c0        0x1 d:/program file user/stm32cubeide/stm32cubeide_1.9.0/stm32cubeide/plugins/com.st.stm32cube.ide.mcu.externaltools.gnu-tools-for-stm32.10.3-2021.10.win32_1.0.0.202111181127/tools/bin/../lib/gcc/arm-none-eabi/10.3.1/../../../../arm-none-eabi/lib/thumb/v7e-m+fp/hard\libc_nano.a(lib_a-lock.o)
                0x00000000200019c0                __lock___malloc_recursive_mutex
 .bss.__lock___sfp_recursive_mutex
                0x00000000200019c1        0x1 d:/program file user/stm32cubeide/stm32cubeide_1.9.0/stm32cubeide/plugins/com.st.stm32cube.ide.mcu.externaltools.gnu-tools-for-stm32.10.3-2021.10.win32_1.0.0.202111181127/tools/bin/../lib/gcc/arm-none-eabi/10.3.1/../../../../arm-none-eabi/lib/thumb/v7e-m+fp/hard\libc_nano.a(lib_a-lock.o)
                0x00000000200019c1                __lock___sfp_recursive_mutex
 .bss.__lock___sinit_recursive_mutex
                0x00000000200019c2        0x1 d:/program file user/stm32cubeide/stm32cubeide_1.9.0/stm32cubeide/plugins/com.st.stm32cube.ide.mcu.externaltools.gnu-tools-for-stm32.10.3-2021.10.win32_1.0.0.202111181127/tools/bin/../lib/gcc/arm-none-eabi/10.3.1/../../../../arm-none-eabi/lib/thumb/v7e-m+fp/hard\libc_nano.a(lib_a-lock.o)
                0x00000000200019c2                __lock___sinit_recursive_mutex
 *fill*         0x00000000200019c3        0x1 
 .bss.__malloc_free_list
                0x00000000200019c4        0x4 d:/program file user/stm32cubeide/stm32cubeide_1.9.0/stm32cubeide/plugins/com.st.stm32cube.ide.mcu.externaltools.gnu-tools-for-stm32.10.3-2021.10.win32_1.0.0.202111181127/tools/bin/../lib/gcc/arm-none-eabi/10.3.1/../../../../arm-none-eabi/lib/thumb/v7e-m+fp/hard\libc_nano.a(lib_a-nano-mallocr.o)
                0x00000000200019c4                __malloc_free_list
 .bss.__malloc_sbrk_start
                0x00000000200019c8        0x4 d:/program file user/stm32cubeide/stm32cubeide_1.9.0/stm32cubeide/plugins/com.st.stm32cube.ide.mcu.externaltools.gnu-tools-for-stm32.10.3-2021.10.win32_1.0.0.202111181127/tools/bin/../lib/gcc/arm-none-eabi/10.3.1/../../../../arm-none-eabi/lib/thumb/v7e-m+fp/hard\libc_nano.a(lib_a-nano-mallocr.o)
                0x00000000200019c8                __malloc_sbrk_start
 .bss.errno     0x00000000200019cc        0x4 d:/program file user/stm32cubeide/stm32cubeide_1.9.0/stm32cubeide/plugins/com.st.stm32cube.ide.mcu.externaltools.gnu-tools-for-stm32.10.3-2021.10.win32_1.0.0.202111181127/tools/bin/../lib/gcc/arm-none-eabi/10.3.1/../../../../arm-none-eabi/lib/thumb/v7e-m+fp/hard\libc_nano.a(lib_a-reent.o)
                0x00000000200019cc                errno
 *(COMMON)
                0x00000000200019d0                . = ALIGN (0x4)
                0x00000000200019d0                _ebss = .
                0x00000000200019d0                __bss_end__ = _ebss

._user_heap_stack
                0x00000000200019d0      0x600 load address 0x0000000008002e18
                0x00000000200019d0                . = ALIGN (0x8)
                [!provide]                        PROVIDE (end = .)
                0x00000000200019d0                PROVIDE (_end = .)
                0x0000000020001bd0                . = (. + _Min_Heap_Size)
 *fill*         0x00000000200019d0      0x200 
                0x0000000020001fd0                . = (. + _Min_Stack_Size)
 *fill*         0x0000000020001bd0      0x400 
                0x0000000020001fd0                . = ALIGN (0x8)

/DISCARD/
 libc.a(*)
 libm.a(*)
 libgcc.a(*)

.ARM.attributes
                0x0000000000000000       0x30
 *(.ARM.attributes)
 .ARM.attributes
                0x0000000000000000       0x1e d:/program file user/stm32cubeide/stm32cubeide_1.9.0/stm32cubeide/plugins/com.st.stm32cube.ide.mcu.externaltools.gnu-tools-for-stm32.10.3-2021.10.win32_1.0.0.202111181127/tools/bin/../lib/gcc/arm-none-eabi/10.3.1/thumb/v7e-m+fp/hard/crti.o
 .ARM.attributes
                0x000000000000001e       0x34 d:/program file user/stm32cubeide/stm32cubeide_1.9.0/stm32cubeide/plugins/com.st.stm32cube.ide.mcu.externaltools.gnu-tools-for-stm32.10.3-2021.10.win32_1.0.0.202111181127/tools/bin/../lib/gcc/arm-none-eabi/10.3.1/thumb/v7e-m+fp/hard/crtbegin.o
 .ARM.attributes
                0x0000000000000052       0x34 ./Core/Src/main.o
 .ARM.attributes
                0x0000000000000086       0x34 ./Core/Src/stm32f4xx_hal_msp.o
 .ARM.attributes
                0x00000000000000ba       0x34 ./Core/Src/stm32f4xx_it.o
 .ARM.attributes
                0x00000000000000ee       0x34 ./Core/Src/syscalls.o
 .ARM.attributes
                0x0000000000000122       0x34 ./Core/Src/sysmem.o
 .ARM.attributes
                0x0000000000000156       0x34 ./Core/Src/system_stm32f4xx.o
 .ARM.attributes
                0x000000000000018a       0x21 ./Core/Startup/startup_stm32f411vetx.o
 .ARM.attributes
                0x00000000000001ab       0x34 ./Drivers/STM32F4xx_HAL_Driver/Src/stm32f4xx_hal.o
 .ARM.attributes
                0x00000000000001df       0x34 ./Drivers/STM32F4xx_HAL_Driver/Src/stm32f4xx_hal_cortex.o
 .ARM.attributes
                0x0000000000000213       0x34 ./Drivers/STM32F4xx_HAL_Driver/Src/stm32f4xx_hal_dma.o
 .ARM.attributes
                0x0000000000000247       0x34 ./Drivers/STM32F4xx_HAL_Driver/Src/stm32f4xx_hal_gpio.o
 .ARM.attributes
                0x000000000000027b       0x34 ./Drivers/STM32F4xx_HAL_Driver/Src/stm32f4xx_hal_rcc.o
 .ARM.attributes
                0x00000000000002af       0x34 ./Drivers/STM32F4xx_HAL_Driver/Src/stm32f4xx_hal_uart.o
 .ARM.attributes
                0x00000000000002e3       0x34 d:/program file user/stm32cubeide/stm32cubeide_1.9.0/stm32cubeide/plugins/com.st.stm32cube.ide.mcu.externaltools.gnu-tools-for-stm32.10.3-2021.10.win32_1.0.0.202111181127/tools/bin/../lib/gcc/arm-none-eabi/10.3.1/../../../../arm-none-eabi/lib/thumb/v7e-m+fp/hard\libc_nano.a(lib_a-errno.o)
 .ARM.attributes
                0x0000000000000317       0x34 d:/program file user/stm32cubeide/stm32cubeide_1.9.0/stm32cubeide/plugins/com.st.stm32cube.ide.mcu.externaltools.gnu-tools-for-stm32.10.3-2021.10.win32_1.0.0.202111181127/tools/bin/../lib/gcc/arm-none-eabi/10.3.1/../../../../arm-none-eabi/lib/thumb/v7e-m+fp/hard\libc_nano.a(lib_a-impure.o)
 .ARM.attributes
                0x000000000000034b       0x34 d:/program file user/stm32cubeide/stm32cubeide_1.9.0/stm32cubeide/plugins/com.st.stm32cube.ide.mcu.externaltools.gnu-tools-for-stm32.10.3-2021.10.win32_1.0.0.202111181127/tools/bin/../lib/gcc/arm-none-eabi/10.3.1/../../../../arm-none-eabi/lib/thumb/v7e-m+fp/hard\libc_nano.a(lib_a-init.o)
 .ARM.attributes
                0x000000000000037f       0x34 d:/program file user/stm32cubeide/stm32cubeide_1.9.0/stm32cubeide/plugins/com.st.stm32cube.ide.mcu.externaltools.gnu-tools-for-stm32.10.3-2021.10.win32_1.0.0.202111181127/tools/bin/../lib/gcc/arm-none-eabi/10.3.1/../../../../arm-none-eabi/lib/thumb/v7e-m+fp/hard\libc_nano.a(lib_a-memset.o)
 .ARM.attributes
                0x00000000000003b3       0x34 d:/program file user/stm32cubeide/stm32cubeide_1.9.0/stm32cubeide/plugins/com.st.stm32cube.ide.mcu.externaltools.gnu-tools-for-stm32.10.3-2021.10.win32_1.0.0.202111181127/tools/bin/../lib/gcc/arm-none-eabi/10.3.1/../../../../arm-none-eabi/lib/thumb/v7e-m+fp/hard\libc_nano.a(lib_a-puts.o)
 .ARM.attributes
                0x00000000000003e7       0x34 d:/program file user/stm32cubeide/stm32cubeide_1.9.0/stm32cubeide/plugins/com.st.stm32cube.ide.mcu.externaltools.gnu-tools-for-stm32.10.3-2021.10.win32_1.0.0.202111181127/tools/bin/../lib/gcc/arm-none-eabi/10.3.1/../../../../arm-none-eabi/lib/thumb/v7e-m+fp/hard\libc_nano.a(lib_a-wbuf.o)
 .ARM.attributes
                0x000000000000041b       0x34 d:/program file user/stm32cubeide/stm32cubeide_1.9.0/stm32cubeide/plugins/com.st.stm32cube.ide.mcu.externaltools.gnu-tools-for-stm32.10.3-2021.10.win32_1.0.0.202111181127/tools/bin/../lib/gcc/arm-none-eabi/10.3.1/../../../../arm-none-eabi/lib/thumb/v7e-m+fp/hard\libc_nano.a(lib_a-wsetup.o)
 .ARM.attributes
                0x000000000000044f       0x34 d:/program file user/stm32cubeide/stm32cubeide_1.9.0/stm32cubeide/plugins/com.st.stm32cube.ide.mcu.externaltools.gnu-tools-for-stm32.10.3-2021.10.win32_1.0.0.202111181127/tools/bin/../lib/gcc/arm-none-eabi/10.3.1/../../../../arm-none-eabi/lib/thumb/v7e-m+fp/hard\libc_nano.a(lib_a-fflush.o)
 .ARM.attributes
                0x0000000000000483       0x34 d:/program file user/stm32cubeide/stm32cubeide_1.9.0/stm32cubeide/plugins/com.st.stm32cube.ide.mcu.externaltools.gnu-tools-for-stm32.10.3-2021.10.win32_1.0.0.202111181127/tools/bin/../lib/gcc/arm-none-eabi/10.3.1/../../../../arm-none-eabi/lib/thumb/v7e-m+fp/hard\libc_nano.a(lib_a-findfp.o)
 .ARM.attributes
                0x00000000000004b7       0x34 d:/program file user/stm32cubeide/stm32cubeide_1.9.0/stm32cubeide/plugins/com.st.stm32cube.ide.mcu.externaltools.gnu-tools-for-stm32.10.3-2021.10.win32_1.0.0.202111181127/tools/bin/../lib/gcc/arm-none-eabi/10.3.1/../../../../arm-none-eabi/lib/thumb/v7e-m+fp/hard\libc_nano.a(lib_a-fwalk.o)
 .ARM.attributes
                0x00000000000004eb       0x34 d:/program file user/stm32cubeide/stm32cubeide_1.9.0/stm32cubeide/plugins/com.st.stm32cube.ide.mcu.externaltools.gnu-tools-for-stm32.10.3-2021.10.win32_1.0.0.202111181127/tools/bin/../lib/gcc/arm-none-eabi/10.3.1/../../../../arm-none-eabi/lib/thumb/v7e-m+fp/hard\libc_nano.a(lib_a-lock.o)
 .ARM.attributes
                0x000000000000051f       0x34 d:/program file user/stm32cubeide/stm32cubeide_1.9.0/stm32cubeide/plugins/com.st.stm32cube.ide.mcu.externaltools.gnu-tools-for-stm32.10.3-2021.10.win32_1.0.0.202111181127/tools/bin/../lib/gcc/arm-none-eabi/10.3.1/../../../../arm-none-eabi/lib/thumb/v7e-m+fp/hard\libc_nano.a(lib_a-makebuf.o)
 .ARM.attributes
                0x0000000000000553       0x34 d:/program file user/stm32cubeide/stm32cubeide_1.9.0/stm32cubeide/plugins/com.st.stm32cube.ide.mcu.externaltools.gnu-tools-for-stm32.10.3-2021.10.win32_1.0.0.202111181127/tools/bin/../lib/gcc/arm-none-eabi/10.3.1/../../../../arm-none-eabi/lib/thumb/v7e-m+fp/hard\libc_nano.a(lib_a-nano-freer.o)
 .ARM.attributes
                0x0000000000000587       0x34 d:/program file user/stm32cubeide/stm32cubeide_1.9.0/stm32cubeide/plugins/com.st.stm32cube.ide.mcu.externaltools.gnu-tools-for-stm32.10.3-2021.10.win32_1.0.0.202111181127/tools/bin/../lib/gcc/arm-none-eabi/10.3.1/../../../../arm-none-eabi/lib/thumb/v7e-m+fp/hard\libc_nano.a(lib_a-nano-mallocr.o)
 .ARM.attributes
                0x00000000000005bb       0x34 d:/program file user/stm32cubeide/stm32cubeide_1.9.0/stm32cubeide/plugins/com.st.stm32cube.ide.mcu.externaltools.gnu-tools-for-stm32.10.3-2021.10.win32_1.0.0.202111181127/tools/bin/../lib/gcc/arm-none-eabi/10.3.1/../../../../arm-none-eabi/lib/thumb/v7e-m+fp/hard\libc_nano.a(lib_a-sbrkr.o)
 .ARM.attributes
                0x00000000000005ef       0x34 d:/program file user/stm32cubeide/stm32cubeide_1.9.0/stm32cubeide/plugins/com.st.stm32cube.ide.mcu.externaltools.gnu-tools-for-stm32.10.3-2021.10.win32_1.0.0.202111181127/tools/bin/../lib/gcc/arm-none-eabi/10.3.1/../../../../arm-none-eabi/lib/thumb/v7e-m+fp/hard\libc_nano.a(lib_a-stdio.o)
 .ARM.attributes
                0x0000000000000623       0x34 d:/program file user/stm32cubeide/stm32cubeide_1.9.0/stm32cubeide/plugins/com.st.stm32cube.ide.mcu.externaltools.gnu-tools-for-stm32.10.3-2021.10.win32_1.0.0.202111181127/tools/bin/../lib/gcc/arm-none-eabi/10.3.1/../../../../arm-none-eabi/lib/thumb/v7e-m+fp/hard\libc_nano.a(lib_a-writer.o)
 .ARM.attributes
                0x0000000000000657       0x34 d:/program file user/stm32cubeide/stm32cubeide_1.9.0/stm32cubeide/plugins/com.st.stm32cube.ide.mcu.externaltools.gnu-tools-for-stm32.10.3-2021.10.win32_1.0.0.202111181127/tools/bin/../lib/gcc/arm-none-eabi/10.3.1/../../../../arm-none-eabi/lib/thumb/v7e-m+fp/hard\libc_nano.a(lib_a-closer.o)
 .ARM.attributes
                0x000000000000068b       0x34 d:/program file user/stm32cubeide/stm32cubeide_1.9.0/stm32cubeide/plugins/com.st.stm32cube.ide.mcu.externaltools.gnu-tools-for-stm32.10.3-2021.10.win32_1.0.0.202111181127/tools/bin/../lib/gcc/arm-none-eabi/10.3.1/../../../../arm-none-eabi/lib/thumb/v7e-m+fp/hard\libc_nano.a(lib_a-fstatr.o)
 .ARM.attributes
                0x00000000000006bf       0x34 d:/program file user/stm32cubeide/stm32cubeide_1.9.0/stm32cubeide/plugins/com.st.stm32cube.ide.mcu.externaltools.gnu-tools-for-stm32.10.3-2021.10.win32_1.0.0.202111181127/tools/bin/../lib/gcc/arm-none-eabi/10.3.1/../../../../arm-none-eabi/lib/thumb/v7e-m+fp/hard\libc_nano.a(lib_a-isattyr.o)
 .ARM.attributes
                0x00000000000006f3       0x34 d:/program file user/stm32cubeide/stm32cubeide_1.9.0/stm32cubeide/plugins/com.st.stm32cube.ide.mcu.externaltools.gnu-tools-for-stm32.10.3-2021.10.win32_1.0.0.202111181127/tools/bin/../lib/gcc/arm-none-eabi/10.3.1/../../../../arm-none-eabi/lib/thumb/v7e-m+fp/hard\libc_nano.a(lib_a-lseekr.o)
 .ARM.attributes
                0x0000000000000727       0x34 d:/program file user/stm32cubeide/stm32cubeide_1.9.0/stm32cubeide/plugins/com.st.stm32cube.ide.mcu.externaltools.gnu-tools-for-stm32.10.3-2021.10.win32_1.0.0.202111181127/tools/bin/../lib/gcc/arm-none-eabi/10.3.1/../../../../arm-none-eabi/lib/thumb/v7e-m+fp/hard\libc_nano.a(lib_a-mlock.o)
 .ARM.attributes
                0x000000000000075b       0x34 d:/program file user/stm32cubeide/stm32cubeide_1.9.0/stm32cubeide/plugins/com.st.stm32cube.ide.mcu.externaltools.gnu-tools-for-stm32.10.3-2021.10.win32_1.0.0.202111181127/tools/bin/../lib/gcc/arm-none-eabi/10.3.1/../../../../arm-none-eabi/lib/thumb/v7e-m+fp/hard\libc_nano.a(lib_a-readr.o)
 .ARM.attributes
                0x000000000000078f       0x34 d:/program file user/stm32cubeide/stm32cubeide_1.9.0/stm32cubeide/plugins/com.st.stm32cube.ide.mcu.externaltools.gnu-tools-for-stm32.10.3-2021.10.win32_1.0.0.202111181127/tools/bin/../lib/gcc/arm-none-eabi/10.3.1/../../../../arm-none-eabi/lib/thumb/v7e-m+fp/hard\libc_nano.a(lib_a-reent.o)
 .ARM.attributes
                0x00000000000007c3       0x1e d:/program file user/stm32cubeide/stm32cubeide_1.9.0/stm32cubeide/plugins/com.st.stm32cube.ide.mcu.externaltools.gnu-tools-for-stm32.10.3-2021.10.win32_1.0.0.202111181127/tools/bin/../lib/gcc/arm-none-eabi/10.3.1/thumb/v7e-m+fp/hard\libgcc.a(_aeabi_uldivmod.o)
 .ARM.attributes
                0x00000000000007e1       0x34 d:/program file user/stm32cubeide/stm32cubeide_1.9.0/stm32cubeide/plugins/com.st.stm32cube.ide.mcu.externaltools.gnu-tools-for-stm32.10.3-2021.10.win32_1.0.0.202111181127/tools/bin/../lib/gcc/arm-none-eabi/10.3.1/thumb/v7e-m+fp/hard\libgcc.a(_udivmoddi4.o)
 .ARM.attributes
                0x0000000000000815       0x1e d:/program file user/stm32cubeide/stm32cubeide_1.9.0/stm32cubeide/plugins/com.st.stm32cube.ide.mcu.externaltools.gnu-tools-for-stm32.10.3-2021.10.win32_1.0.0.202111181127/tools/bin/../lib/gcc/arm-none-eabi/10.3.1/thumb/v7e-m+fp/hard\libgcc.a(_dvmd_tls.o)
 .ARM.attributes
                0x0000000000000833       0x1e d:/program file user/stm32cubeide/stm32cubeide_1.9.0/stm32cubeide/plugins/com.st.stm32cube.ide.mcu.externaltools.gnu-tools-for-stm32.10.3-2021.10.win32_1.0.0.202111181127/tools/bin/../lib/gcc/arm-none-eabi/10.3.1/thumb/v7e-m+fp/hard/crtn.o
OUTPUT(update-firmware-via-uart-using-hal-lib.elf elf32-littlearm)
LOAD linker stubs
LOAD d:/program file user/stm32cubeide/stm32cubeide_1.9.0/stm32cubeide/plugins/com.st.stm32cube.ide.mcu.externaltools.gnu-tools-for-stm32.10.3-2021.10.win32_1.0.0.202111181127/tools/bin/../lib/gcc/arm-none-eabi/10.3.1/../../../../arm-none-eabi/lib/thumb/v7e-m+fp/hard\libc.a
LOAD d:/program file user/stm32cubeide/stm32cubeide_1.9.0/stm32cubeide/plugins/com.st.stm32cube.ide.mcu.externaltools.gnu-tools-for-stm32.10.3-2021.10.win32_1.0.0.202111181127/tools/bin/../lib/gcc/arm-none-eabi/10.3.1/../../../../arm-none-eabi/lib/thumb/v7e-m+fp/hard\libm.a
LOAD d:/program file user/stm32cubeide/stm32cubeide_1.9.0/stm32cubeide/plugins/com.st.stm32cube.ide.mcu.externaltools.gnu-tools-for-stm32.10.3-2021.10.win32_1.0.0.202111181127/tools/bin/../lib/gcc/arm-none-eabi/10.3.1/thumb/v7e-m+fp/hard\libgcc.a

.debug_info     0x0000000000000000     0x8db1
 .debug_info    0x0000000000000000      0xf35 ./Core/Src/main.o
 .debug_info    0x0000000000000f35      0xa04 ./Core/Src/stm32f4xx_hal_msp.o
 .debug_info    0x0000000000001939      0x408 ./Core/Src/stm32f4xx_it.o
 .debug_info    0x0000000000001d41      0x6e0 ./Core/Src/syscalls.o
 .debug_info    0x0000000000002421      0x171 ./Core/Src/sysmem.o
 .debug_info    0x0000000000002592      0x54f ./Core/Src/system_stm32f4xx.o
 .debug_info    0x0000000000002ae1       0x22 ./Core/Startup/startup_stm32f411vetx.o
 .debug_info    0x0000000000002b03      0x90d ./Drivers/STM32F4xx_HAL_Driver/Src/stm32f4xx_hal.o
 .debug_info    0x0000000000003410      0xd8b ./Drivers/STM32F4xx_HAL_Driver/Src/stm32f4xx_hal_cortex.o
 .debug_info    0x000000000000419b      0x947 ./Drivers/STM32F4xx_HAL_Driver/Src/stm32f4xx_hal_dma.o
 .debug_info    0x0000000000004ae2      0x78e ./Drivers/STM32F4xx_HAL_Driver/Src/stm32f4xx_hal_gpio.o
 .debug_info    0x0000000000005270      0x98d ./Drivers/STM32F4xx_HAL_Driver/Src/stm32f4xx_hal_rcc.o
 .debug_info    0x0000000000005bfd     0x31b4 ./Drivers/STM32F4xx_HAL_Driver/Src/stm32f4xx_hal_uart.o

.debug_abbrev   0x0000000000000000     0x189e
 .debug_abbrev  0x0000000000000000      0x31e ./Core/Src/main.o
 .debug_abbrev  0x000000000000031e      0x1d8 ./Core/Src/stm32f4xx_hal_msp.o
 .debug_abbrev  0x00000000000004f6      0x130 ./Core/Src/stm32f4xx_it.o
 .debug_abbrev  0x0000000000000626      0x1b3 ./Core/Src/syscalls.o
 .debug_abbrev  0x00000000000007d9       0xbb ./Core/Src/sysmem.o
 .debug_abbrev  0x0000000000000894      0x116 ./Core/Src/system_stm32f4xx.o
 .debug_abbrev  0x00000000000009aa       0x12 ./Core/Startup/startup_stm32f411vetx.o
 .debug_abbrev  0x00000000000009bc      0x23e ./Drivers/STM32F4xx_HAL_Driver/Src/stm32f4xx_hal.o
 .debug_abbrev  0x0000000000000bfa      0x316 ./Drivers/STM32F4xx_HAL_Driver/Src/stm32f4xx_hal_cortex.o
 .debug_abbrev  0x0000000000000f10      0x21b ./Drivers/STM32F4xx_HAL_Driver/Src/stm32f4xx_hal_dma.o
 .debug_abbrev  0x000000000000112b      0x1c4 ./Drivers/STM32F4xx_HAL_Driver/Src/stm32f4xx_hal_gpio.o
 .debug_abbrev  0x00000000000012ef      0x2aa ./Drivers/STM32F4xx_HAL_Driver/Src/stm32f4xx_hal_rcc.o
 .debug_abbrev  0x0000000000001599      0x305 ./Drivers/STM32F4xx_HAL_Driver/Src/stm32f4xx_hal_uart.o

.debug_aranges  0x0000000000000000      0x7a8
 .debug_aranges
                0x0000000000000000       0x80 ./Core/Src/main.o
 .debug_aranges
                0x0000000000000080       0x30 ./Core/Src/stm32f4xx_hal_msp.o
 .debug_aranges
                0x00000000000000b0       0x68 ./Core/Src/stm32f4xx_it.o
 .debug_aranges
                0x0000000000000118       0xa8 ./Core/Src/syscalls.o
 .debug_aranges
                0x00000000000001c0       0x20 ./Core/Src/sysmem.o
 .debug_aranges
                0x00000000000001e0       0x28 ./Core/Src/system_stm32f4xx.o
 .debug_aranges
                0x0000000000000208       0x28 ./Core/Startup/startup_stm32f411vetx.o
 .debug_aranges
                0x0000000000000230       0xf0 ./Drivers/STM32F4xx_HAL_Driver/Src/stm32f4xx_hal.o
 .debug_aranges
                0x0000000000000320      0x118 ./Drivers/STM32F4xx_HAL_Driver/Src/stm32f4xx_hal_cortex.o
 .debug_aranges
                0x0000000000000438       0x90 ./Drivers/STM32F4xx_HAL_Driver/Src/stm32f4xx_hal_dma.o
 .debug_aranges
                0x00000000000004c8       0x58 ./Drivers/STM32F4xx_HAL_Driver/Src/stm32f4xx_hal_gpio.o
 .debug_aranges
                0x0000000000000520       0x88 ./Drivers/STM32F4xx_HAL_Driver/Src/stm32f4xx_hal_rcc.o
 .debug_aranges
                0x00000000000005a8      0x200 ./Drivers/STM32F4xx_HAL_Driver/Src/stm32f4xx_hal_uart.o

.debug_ranges   0x0000000000000000      0x710
 .debug_ranges  0x0000000000000000       0x70 ./Core/Src/main.o
 .debug_ranges  0x0000000000000070       0x20 ./Core/Src/stm32f4xx_hal_msp.o
 .debug_ranges  0x0000000000000090       0x58 ./Core/Src/stm32f4xx_it.o
 .debug_ranges  0x00000000000000e8       0x98 ./Core/Src/syscalls.o
 .debug_ranges  0x0000000000000180       0x10 ./Core/Src/sysmem.o
 .debug_ranges  0x0000000000000190       0x18 ./Core/Src/system_stm32f4xx.o
 .debug_ranges  0x00000000000001a8       0x20 ./Core/Startup/startup_stm32f411vetx.o
 .debug_ranges  0x00000000000001c8       0xe0 ./Drivers/STM32F4xx_HAL_Driver/Src/stm32f4xx_hal.o
 .debug_ranges  0x00000000000002a8      0x108 ./Drivers/STM32F4xx_HAL_Driver/Src/stm32f4xx_hal_cortex.o
 .debug_ranges  0x00000000000003b0       0x80 ./Drivers/STM32F4xx_HAL_Driver/Src/stm32f4xx_hal_dma.o
 .debug_ranges  0x0000000000000430       0x48 ./Drivers/STM32F4xx_HAL_Driver/Src/stm32f4xx_hal_gpio.o
 .debug_ranges  0x0000000000000478       0x78 ./Drivers/STM32F4xx_HAL_Driver/Src/stm32f4xx_hal_rcc.o
 .debug_ranges  0x00000000000004f0      0x220 ./Drivers/STM32F4xx_HAL_Driver/Src/stm32f4xx_hal_uart.o

.debug_macro    0x0000000000000000    0x16395
 .debug_macro   0x0000000000000000      0x389 ./Core/Src/main.o
 .debug_macro   0x0000000000000389      0xa78 ./Core/Src/main.o
 .debug_macro   0x0000000000000e01      0x295 ./Core/Src/main.o
 .debug_macro   0x0000000000001096       0x2e ./Core/Src/main.o
 .debug_macro   0x00000000000010c4       0x28 ./Core/Src/main.o
 .debug_macro   0x00000000000010ec       0x22 ./Core/Src/main.o
 .debug_macro   0x000000000000110e       0x8e ./Core/Src/main.o
 .debug_macro   0x000000000000119c       0x51 ./Core/Src/main.o
 .debug_macro   0x00000000000011ed      0x103 ./Core/Src/main.o
 .debug_macro   0x00000000000012f0       0x6a ./Core/Src/main.o
 .debug_macro   0x000000000000135a      0x1df ./Core/Src/main.o
 .debug_macro   0x0000000000001539       0x1c ./Core/Src/main.o
 .debug_macro   0x0000000000001555       0x22 ./Core/Src/main.o
 .debug_macro   0x0000000000001577       0xd9 ./Core/Src/main.o
 .debug_macro   0x0000000000001650     0x102d ./Core/Src/main.o
 .debug_macro   0x000000000000267d      0x11f ./Core/Src/main.o
 .debug_macro   0x000000000000279c     0xb953 ./Core/Src/main.o
 .debug_macro   0x000000000000e0ef       0x6d ./Core/Src/main.o
 .debug_macro   0x000000000000e15c     0x367e ./Core/Src/main.o
 .debug_macro   0x00000000000117da      0x174 ./Core/Src/main.o
 .debug_macro   0x000000000001194e       0x5c ./Core/Src/main.o
 .debug_macro   0x00000000000119aa      0x447 ./Core/Src/main.o
 .debug_macro   0x0000000000011df1      0x9fe ./Core/Src/main.o
 .debug_macro   0x00000000000127ef      0x115 ./Core/Src/main.o
 .debug_macro   0x0000000000012904      0x11b ./Core/Src/main.o
 .debug_macro   0x0000000000012a1f       0xa5 ./Core/Src/main.o
 .debug_macro   0x0000000000012ac4      0x15f ./Core/Src/main.o
 .debug_macro   0x0000000000012c23      0x287 ./Core/Src/main.o
 .debug_macro   0x0000000000012eaa       0x5f ./Core/Src/main.o
 .debug_macro   0x0000000000012f09      0x236 ./Core/Src/main.o
 .debug_macro   0x000000000001313f      0x132 ./Core/Src/main.o
 .debug_macro   0x0000000000013271      0x264 ./Core/Src/main.o
 .debug_macro   0x00000000000134d5       0x2e ./Core/Src/main.o
 .debug_macro   0x0000000000013503      0x11a ./Core/Src/main.o
 .debug_macro   0x000000000001361d       0x85 ./Core/Src/main.o
 .debug_macro   0x00000000000136a2       0x89 ./Core/Src/main.o
 .debug_macro   0x000000000001372b      0x295 ./Core/Src/main.o
 .debug_macro   0x00000000000139c0      0x126 ./Core/Src/main.o
 .debug_macro   0x0000000000013ae6       0x52 ./Core/Src/main.o
 .debug_macro   0x0000000000013b38       0x1e ./Core/Src/main.o
 .debug_macro   0x0000000000013b56       0x3c ./Core/Src/main.o
 .debug_macro   0x0000000000013b92       0x34 ./Core/Src/main.o
 .debug_macro   0x0000000000013bc6       0x16 ./Core/Src/main.o
 .debug_macro   0x0000000000013bdc       0x35 ./Core/Src/main.o
 .debug_macro   0x0000000000013c11      0x341 ./Core/Src/main.o
 .debug_macro   0x0000000000013f52       0x10 ./Core/Src/main.o
 .debug_macro   0x0000000000013f62       0x16 ./Core/Src/main.o
 .debug_macro   0x0000000000013f78       0x43 ./Core/Src/main.o
 .debug_macro   0x0000000000013fbb       0x34 ./Core/Src/main.o
 .debug_macro   0x0000000000013fef       0x10 ./Core/Src/main.o
 .debug_macro   0x0000000000013fff       0x58 ./Core/Src/main.o
 .debug_macro   0x0000000000014057       0x71 ./Core/Src/main.o
 .debug_macro   0x00000000000140c8       0x1c ./Core/Src/main.o
 .debug_macro   0x00000000000140e4      0x12a ./Core/Src/main.o
 .debug_macro   0x000000000001420e       0x10 ./Core/Src/main.o
 .debug_macro   0x000000000001421e       0x1c ./Core/Src/main.o
 .debug_macro   0x000000000001423a       0x52 ./Core/Src/main.o
 .debug_macro   0x000000000001428c       0x22 ./Core/Src/main.o
 .debug_macro   0x00000000000142ae       0x10 ./Core/Src/main.o
 .debug_macro   0x00000000000142be       0x52 ./Core/Src/main.o
 .debug_macro   0x0000000000014310       0xd5 ./Core/Src/main.o
 .debug_macro   0x00000000000143e5       0x1c ./Core/Src/main.o
 .debug_macro   0x0000000000014401       0x3d ./Core/Src/main.o
 .debug_macro   0x000000000001443e       0x16 ./Core/Src/main.o
 .debug_macro   0x0000000000014454      0x145 ./Core/Src/main.o
 .debug_macro   0x0000000000014599       0x16 ./Core/Src/main.o
 .debug_macro   0x00000000000145af       0x20 ./Core/Src/main.o
 .debug_macro   0x00000000000145cf      0x1c4 ./Core/Src/stm32f4xx_hal_msp.o
 .debug_macro   0x0000000000014793      0x1ce ./Core/Src/stm32f4xx_it.o
 .debug_macro   0x0000000000014961      0x24c ./Core/Src/syscalls.o
 .debug_macro   0x0000000000014bad       0x4c ./Core/Src/syscalls.o
 .debug_macro   0x0000000000014bf9       0x94 ./Core/Src/syscalls.o
 .debug_macro   0x0000000000014c8d       0x57 ./Core/Src/syscalls.o
 .debug_macro   0x0000000000014ce4       0x10 ./Core/Src/syscalls.o
 .debug_macro   0x0000000000014cf4       0x10 ./Core/Src/syscalls.o
 .debug_macro   0x0000000000014d04       0x10 ./Core/Src/syscalls.o
 .debug_macro   0x0000000000014d14       0x35 ./Core/Src/syscalls.o
 .debug_macro   0x0000000000014d49      0x12c ./Core/Src/syscalls.o
 .debug_macro   0x0000000000014e75       0x16 ./Core/Src/syscalls.o
 .debug_macro   0x0000000000014e8b       0x16 ./Core/Src/syscalls.o
 .debug_macro   0x0000000000014ea1       0x29 ./Core/Src/syscalls.o
 .debug_macro   0x0000000000014eca       0x10 ./Core/Src/syscalls.o
 .debug_macro   0x0000000000014eda      0x241 ./Core/Src/syscalls.o
 .debug_macro   0x000000000001511b       0x1c ./Core/Src/syscalls.o
 .debug_macro   0x0000000000015137       0x10 ./Core/Src/syscalls.o
 .debug_macro   0x0000000000015147      0x189 ./Core/Src/syscalls.o
 .debug_macro   0x00000000000152d0       0x16 ./Core/Src/syscalls.o
 .debug_macro   0x00000000000152e6       0xce ./Core/Src/syscalls.o
 .debug_macro   0x00000000000153b4       0xff ./Core/Src/sysmem.o
 .debug_macro   0x00000000000154b3      0x23b ./Core/Src/sysmem.o
 .debug_macro   0x00000000000156ee      0x1ba ./Core/Src/system_stm32f4xx.o
 .debug_macro   0x00000000000158a8      0x21a ./Drivers/STM32F4xx_HAL_Driver/Src/stm32f4xx_hal.o
 .debug_macro   0x0000000000015ac2      0x1ba ./Drivers/STM32F4xx_HAL_Driver/Src/stm32f4xx_hal_cortex.o
 .debug_macro   0x0000000000015c7c      0x1c0 ./Drivers/STM32F4xx_HAL_Driver/Src/stm32f4xx_hal_dma.o
 .debug_macro   0x0000000000015e3c      0x1c0 ./Drivers/STM32F4xx_HAL_Driver/Src/stm32f4xx_hal_gpio.o
 .debug_macro   0x0000000000015ffc      0x1de ./Drivers/STM32F4xx_HAL_Driver/Src/stm32f4xx_hal_rcc.o
 .debug_macro   0x00000000000161da      0x1bb ./Drivers/STM32F4xx_HAL_Driver/Src/stm32f4xx_hal_uart.o

.debug_line     0x0000000000000000     0xabb4
 .debug_line    0x0000000000000000      0xd93 ./Core/Src/main.o
 .debug_line    0x0000000000000d93      0x8c2 ./Core/Src/stm32f4xx_hal_msp.o
 .debug_line    0x0000000000001655      0x931 ./Core/Src/stm32f4xx_it.o
 .debug_line    0x0000000000001f86      0xa9d ./Core/Src/syscalls.o
 .debug_line    0x0000000000002a23      0x793 ./Core/Src/sysmem.o
 .debug_line    0x00000000000031b6      0x8cf ./Core/Src/system_stm32f4xx.o
 .debug_line    0x0000000000003a85       0x88 ./Core/Startup/startup_stm32f411vetx.o
 .debug_line    0x0000000000003b0d      0xb34 ./Drivers/STM32F4xx_HAL_Driver/Src/stm32f4xx_hal.o
 .debug_line    0x0000000000004641      0xde4 ./Drivers/STM32F4xx_HAL_Driver/Src/stm32f4xx_hal_cortex.o
 .debug_line    0x0000000000005425     0x1099 ./Drivers/STM32F4xx_HAL_Driver/Src/stm32f4xx_hal_dma.o
 .debug_line    0x00000000000064be      0xc6d ./Drivers/STM32F4xx_HAL_Driver/Src/stm32f4xx_hal_gpio.o
 .debug_line    0x000000000000712b      0xeaf ./Drivers/STM32F4xx_HAL_Driver/Src/stm32f4xx_hal_rcc.o
 .debug_line    0x0000000000007fda     0x2bda ./Drivers/STM32F4xx_HAL_Driver/Src/stm32f4xx_hal_uart.o

.debug_str      0x0000000000000000    0x87162
 .debug_str     0x0000000000000000    0x840e8 ./Core/Src/main.o
                                      0x843ed (size before relaxing)
 .debug_str     0x00000000000840e8       0xf8 ./Core/Src/stm32f4xx_hal_msp.o
                                      0x7ff3e (size before relaxing)
 .debug_str     0x00000000000841e0       0xf4 ./Core/Src/stm32f4xx_it.o
                                      0x7fc03 (size before relaxing)
 .debug_str     0x00000000000842d4     0x174d ./Core/Src/syscalls.o
                                       0x8aa8 (size before relaxing)
 .debug_str     0x0000000000085a21       0x6b ./Core/Src/sysmem.o
                                       0x5de4 (size before relaxing)
 .debug_str     0x0000000000085a8c       0xd0 ./Core/Src/system_stm32f4xx.o
                                      0x7fa86 (size before relaxing)
 .debug_str     0x0000000000085b5c       0x36 ./Core/Startup/startup_stm32f411vetx.o
                                         0xa6 (size before relaxing)
 .debug_str     0x0000000000085b92      0x612 ./Drivers/STM32F4xx_HAL_Driver/Src/stm32f4xx_hal.o
                                      0x804b2 (size before relaxing)
 .debug_str     0x00000000000861a4      0x341 ./Drivers/STM32F4xx_HAL_Driver/Src/stm32f4xx_hal_cortex.o
                                      0x801d3 (size before relaxing)
 .debug_str     0x00000000000864e5      0x2f9 ./Drivers/STM32F4xx_HAL_Driver/Src/stm32f4xx_hal_dma.o
                                      0x7fe8e (size before relaxing)
 .debug_str     0x00000000000867de      0x15d ./Drivers/STM32F4xx_HAL_Driver/Src/stm32f4xx_hal_gpio.o
                                      0x7fc01 (size before relaxing)
 .debug_str     0x000000000008693b      0x233 ./Drivers/STM32F4xx_HAL_Driver/Src/stm32f4xx_hal_rcc.o
                                      0x7feba (size before relaxing)
 .debug_str     0x0000000000086b6e      0x5f4 ./Drivers/STM32F4xx_HAL_Driver/Src/stm32f4xx_hal_uart.o
                                      0x80447 (size before relaxing)

.comment        0x0000000000000000       0x50
 .comment       0x0000000000000000       0x50 ./Core/Src/main.o
                                         0x51 (size before relaxing)
 .comment       0x0000000000000050       0x51 ./Core/Src/stm32f4xx_hal_msp.o
 .comment       0x0000000000000050       0x51 ./Core/Src/stm32f4xx_it.o
 .comment       0x0000000000000050       0x51 ./Core/Src/syscalls.o
 .comment       0x0000000000000050       0x51 ./Core/Src/sysmem.o
 .comment       0x0000000000000050       0x51 ./Core/Src/system_stm32f4xx.o
 .comment       0x0000000000000050       0x51 ./Drivers/STM32F4xx_HAL_Driver/Src/stm32f4xx_hal.o
 .comment       0x0000000000000050       0x51 ./Drivers/STM32F4xx_HAL_Driver/Src/stm32f4xx_hal_cortex.o
 .comment       0x0000000000000050       0x51 ./Drivers/STM32F4xx_HAL_Driver/Src/stm32f4xx_hal_dma.o
 .comment       0x0000000000000050       0x51 ./Drivers/STM32F4xx_HAL_Driver/Src/stm32f4xx_hal_gpio.o
 .comment       0x0000000000000050       0x51 ./Drivers/STM32F4xx_HAL_Driver/Src/stm32f4xx_hal_rcc.o
 .comment       0x0000000000000050       0x51 ./Drivers/STM32F4xx_HAL_Driver/Src/stm32f4xx_hal_uart.o

.debug_frame    0x0000000000000000     0x24b4
 .debug_frame   0x0000000000000000      0x1d0 ./Core/Src/main.o
 .debug_frame   0x00000000000001d0       0x80 ./Core/Src/stm32f4xx_hal_msp.o
 .debug_frame   0x0000000000000250      0x120 ./Core/Src/stm32f4xx_it.o
 .debug_frame   0x0000000000000370      0x2ac ./Core/Src/syscalls.o
 .debug_frame   0x000000000000061c       0x34 ./Core/Src/sysmem.o
 .debug_frame   0x0000000000000650       0x58 ./Core/Src/system_stm32f4xx.o
 .debug_frame   0x00000000000006a8      0x374 ./Drivers/STM32F4xx_HAL_Driver/Src/stm32f4xx_hal.o
 .debug_frame   0x0000000000000a1c      0x498 ./Drivers/STM32F4xx_HAL_Driver/Src/stm32f4xx_hal_cortex.o
 .debug_frame   0x0000000000000eb4      0x250 ./Drivers/STM32F4xx_HAL_Driver/Src/stm32f4xx_hal_dma.o
 .debug_frame   0x0000000000001104      0x14c ./Drivers/STM32F4xx_HAL_Driver/Src/stm32f4xx_hal_gpio.o
 .debug_frame   0x0000000000001250      0x1f4 ./Drivers/STM32F4xx_HAL_Driver/Src/stm32f4xx_hal_rcc.o
 .debug_frame   0x0000000000001444      0x92c ./Drivers/STM32F4xx_HAL_Driver/Src/stm32f4xx_hal_uart.o
 .debug_frame   0x0000000000001d70       0x20 d:/program file user/stm32cubeide/stm32cubeide_1.9.0/stm32cubeide/plugins/com.st.stm32cube.ide.mcu.externaltools.gnu-tools-for-stm32.10.3-2021.10.win32_1.0.0.202111181127/tools/bin/../lib/gcc/arm-none-eabi/10.3.1/../../../../arm-none-eabi/lib/thumb/v7e-m+fp/hard\libc_nano.a(lib_a-errno.o)
 .debug_frame   0x0000000000001d90       0x2c d:/program file user/stm32cubeide/stm32cubeide_1.9.0/stm32cubeide/plugins/com.st.stm32cube.ide.mcu.externaltools.gnu-tools-for-stm32.10.3-2021.10.win32_1.0.0.202111181127/tools/bin/../lib/gcc/arm-none-eabi/10.3.1/../../../../arm-none-eabi/lib/thumb/v7e-m+fp/hard\libc_nano.a(lib_a-init.o)
 .debug_frame   0x0000000000001dbc       0x20 d:/program file user/stm32cubeide/stm32cubeide_1.9.0/stm32cubeide/plugins/com.st.stm32cube.ide.mcu.externaltools.gnu-tools-for-stm32.10.3-2021.10.win32_1.0.0.202111181127/tools/bin/../lib/gcc/arm-none-eabi/10.3.1/../../../../arm-none-eabi/lib/thumb/v7e-m+fp/hard\libc_nano.a(lib_a-memset.o)
 .debug_frame   0x0000000000001ddc       0x3c d:/program file user/stm32cubeide/stm32cubeide_1.9.0/stm32cubeide/plugins/com.st.stm32cube.ide.mcu.externaltools.gnu-tools-for-stm32.10.3-2021.10.win32_1.0.0.202111181127/tools/bin/../lib/gcc/arm-none-eabi/10.3.1/../../../../arm-none-eabi/lib/thumb/v7e-m+fp/hard\libc_nano.a(lib_a-puts.o)
 .debug_frame   0x0000000000001e18       0x40 d:/program file user/stm32cubeide/stm32cubeide_1.9.0/stm32cubeide/plugins/com.st.stm32cube.ide.mcu.externaltools.gnu-tools-for-stm32.10.3-2021.10.win32_1.0.0.202111181127/tools/bin/../lib/gcc/arm-none-eabi/10.3.1/../../../../arm-none-eabi/lib/thumb/v7e-m+fp/hard\libc_nano.a(lib_a-wbuf.o)
 .debug_frame   0x0000000000001e58       0x2c d:/program file user/stm32cubeide/stm32cubeide_1.9.0/stm32cubeide/plugins/com.st.stm32cube.ide.mcu.externaltools.gnu-tools-for-stm32.10.3-2021.10.win32_1.0.0.202111181127/tools/bin/../lib/gcc/arm-none-eabi/10.3.1/../../../../arm-none-eabi/lib/thumb/v7e-m+fp/hard\libc_nano.a(lib_a-wsetup.o)
 .debug_frame   0x0000000000001e84       0x5c d:/program file user/stm32cubeide/stm32cubeide_1.9.0/stm32cubeide/plugins/com.st.stm32cube.ide.mcu.externaltools.gnu-tools-for-stm32.10.3-2021.10.win32_1.0.0.202111181127/tools/bin/../lib/gcc/arm-none-eabi/10.3.1/../../../../arm-none-eabi/lib/thumb/v7e-m+fp/hard\libc_nano.a(lib_a-fflush.o)
 .debug_frame   0x0000000000001ee0      0x14c d:/program file user/stm32cubeide/stm32cubeide_1.9.0/stm32cubeide/plugins/com.st.stm32cube.ide.mcu.externaltools.gnu-tools-for-stm32.10.3-2021.10.win32_1.0.0.202111181127/tools/bin/../lib/gcc/arm-none-eabi/10.3.1/../../../../arm-none-eabi/lib/thumb/v7e-m+fp/hard\libc_nano.a(lib_a-findfp.o)
 .debug_frame   0x000000000000202c       0x54 d:/program file user/stm32cubeide/stm32cubeide_1.9.0/stm32cubeide/plugins/com.st.stm32cube.ide.mcu.externaltools.gnu-tools-for-stm32.10.3-2021.10.win32_1.0.0.202111181127/tools/bin/../lib/gcc/arm-none-eabi/10.3.1/../../../../arm-none-eabi/lib/thumb/v7e-m+fp/hard\libc_nano.a(lib_a-fwalk.o)
 .debug_frame   0x0000000000002080       0xb0 d:/program file user/stm32cubeide/stm32cubeide_1.9.0/stm32cubeide/plugins/com.st.stm32cube.ide.mcu.externaltools.gnu-tools-for-stm32.10.3-2021.10.win32_1.0.0.202111181127/tools/bin/../lib/gcc/arm-none-eabi/10.3.1/../../../../arm-none-eabi/lib/thumb/v7e-m+fp/hard\libc_nano.a(lib_a-lock.o)
 .debug_frame   0x0000000000002130       0x58 d:/program file user/stm32cubeide/stm32cubeide_1.9.0/stm32cubeide/plugins/com.st.stm32cube.ide.mcu.externaltools.gnu-tools-for-stm32.10.3-2021.10.win32_1.0.0.202111181127/tools/bin/../lib/gcc/arm-none-eabi/10.3.1/../../../../arm-none-eabi/lib/thumb/v7e-m+fp/hard\libc_nano.a(lib_a-makebuf.o)
 .debug_frame   0x0000000000002188       0x38 d:/program file user/stm32cubeide/stm32cubeide_1.9.0/stm32cubeide/plugins/com.st.stm32cube.ide.mcu.externaltools.gnu-tools-for-stm32.10.3-2021.10.win32_1.0.0.202111181127/tools/bin/../lib/gcc/arm-none-eabi/10.3.1/../../../../arm-none-eabi/lib/thumb/v7e-m+fp/hard\libc_nano.a(lib_a-nano-freer.o)
 .debug_frame   0x00000000000021c0       0x4c d:/program file user/stm32cubeide/stm32cubeide_1.9.0/stm32cubeide/plugins/com.st.stm32cube.ide.mcu.externaltools.gnu-tools-for-stm32.10.3-2021.10.win32_1.0.0.202111181127/tools/bin/../lib/gcc/arm-none-eabi/10.3.1/../../../../arm-none-eabi/lib/thumb/v7e-m+fp/hard\libc_nano.a(lib_a-nano-mallocr.o)
 .debug_frame   0x000000000000220c       0x2c d:/program file user/stm32cubeide/stm32cubeide_1.9.0/stm32cubeide/plugins/com.st.stm32cube.ide.mcu.externaltools.gnu-tools-for-stm32.10.3-2021.10.win32_1.0.0.202111181127/tools/bin/../lib/gcc/arm-none-eabi/10.3.1/../../../../arm-none-eabi/lib/thumb/v7e-m+fp/hard\libc_nano.a(lib_a-sbrkr.o)
 .debug_frame   0x0000000000002238       0x88 d:/program file user/stm32cubeide/stm32cubeide_1.9.0/stm32cubeide/plugins/com.st.stm32cube.ide.mcu.externaltools.gnu-tools-for-stm32.10.3-2021.10.win32_1.0.0.202111181127/tools/bin/../lib/gcc/arm-none-eabi/10.3.1/../../../../arm-none-eabi/lib/thumb/v7e-m+fp/hard\libc_nano.a(lib_a-stdio.o)
 .debug_frame   0x00000000000022c0       0x2c d:/program file user/stm32cubeide/stm32cubeide_1.9.0/stm32cubeide/plugins/com.st.stm32cube.ide.mcu.externaltools.gnu-tools-for-stm32.10.3-2021.10.win32_1.0.0.202111181127/tools/bin/../lib/gcc/arm-none-eabi/10.3.1/../../../../arm-none-eabi/lib/thumb/v7e-m+fp/hard\libc_nano.a(lib_a-writer.o)
 .debug_frame   0x00000000000022ec       0x2c d:/program file user/stm32cubeide/stm32cubeide_1.9.0/stm32cubeide/plugins/com.st.stm32cube.ide.mcu.externaltools.gnu-tools-for-stm32.10.3-2021.10.win32_1.0.0.202111181127/tools/bin/../lib/gcc/arm-none-eabi/10.3.1/../../../../arm-none-eabi/lib/thumb/v7e-m+fp/hard\libc_nano.a(lib_a-closer.o)
 .debug_frame   0x0000000000002318       0x2c d:/program file user/stm32cubeide/stm32cubeide_1.9.0/stm32cubeide/plugins/com.st.stm32cube.ide.mcu.externaltools.gnu-tools-for-stm32.10.3-2021.10.win32_1.0.0.202111181127/tools/bin/../lib/gcc/arm-none-eabi/10.3.1/../../../../arm-none-eabi/lib/thumb/v7e-m+fp/hard\libc_nano.a(lib_a-fstatr.o)
 .debug_frame   0x0000000000002344       0x2c d:/program file user/stm32cubeide/stm32cubeide_1.9.0/stm32cubeide/plugins/com.st.stm32cube.ide.mcu.externaltools.gnu-tools-for-stm32.10.3-2021.10.win32_1.0.0.202111181127/tools/bin/../lib/gcc/arm-none-eabi/10.3.1/../../../../arm-none-eabi/lib/thumb/v7e-m+fp/hard\libc_nano.a(lib_a-isattyr.o)
 .debug_frame   0x0000000000002370       0x2c d:/program file user/stm32cubeide/stm32cubeide_1.9.0/stm32cubeide/plugins/com.st.stm32cube.ide.mcu.externaltools.gnu-tools-for-stm32.10.3-2021.10.win32_1.0.0.202111181127/tools/bin/../lib/gcc/arm-none-eabi/10.3.1/../../../../arm-none-eabi/lib/thumb/v7e-m+fp/hard\libc_nano.a(lib_a-lseekr.o)
 .debug_frame   0x000000000000239c       0x30 d:/program file user/stm32cubeide/stm32cubeide_1.9.0/stm32cubeide/plugins/com.st.stm32cube.ide.mcu.externaltools.gnu-tools-for-stm32.10.3-2021.10.win32_1.0.0.202111181127/tools/bin/../lib/gcc/arm-none-eabi/10.3.1/../../../../arm-none-eabi/lib/thumb/v7e-m+fp/hard\libc_nano.a(lib_a-mlock.o)
 .debug_frame   0x00000000000023cc       0x2c d:/program file user/stm32cubeide/stm32cubeide_1.9.0/stm32cubeide/plugins/com.st.stm32cube.ide.mcu.externaltools.gnu-tools-for-stm32.10.3-2021.10.win32_1.0.0.202111181127/tools/bin/../lib/gcc/arm-none-eabi/10.3.1/../../../../arm-none-eabi/lib/thumb/v7e-m+fp/hard\libc_nano.a(lib_a-readr.o)
 .debug_frame   0x00000000000023f8       0x5c d:/program file user/stm32cubeide/stm32cubeide_1.9.0/stm32cubeide/plugins/com.st.stm32cube.ide.mcu.externaltools.gnu-tools-for-stm32.10.3-2021.10.win32_1.0.0.202111181127/tools/bin/../lib/gcc/arm-none-eabi/10.3.1/../../../../arm-none-eabi/lib/thumb/v7e-m+fp/hard\libc_nano.a(lib_a-reent.o)
 .debug_frame   0x0000000000002454       0x2c d:/program file user/stm32cubeide/stm32cubeide_1.9.0/stm32cubeide/plugins/com.st.stm32cube.ide.mcu.externaltools.gnu-tools-for-stm32.10.3-2021.10.win32_1.0.0.202111181127/tools/bin/../lib/gcc/arm-none-eabi/10.3.1/thumb/v7e-m+fp/hard\libgcc.a(_aeabi_uldivmod.o)
 .debug_frame   0x0000000000002480       0x34 d:/program file user/stm32cubeide/stm32cubeide_1.9.0/stm32cubeide/plugins/com.st.stm32cube.ide.mcu.externaltools.gnu-tools-for-stm32.10.3-2021.10.win32_1.0.0.202111181127/tools/bin/../lib/gcc/arm-none-eabi/10.3.1/thumb/v7e-m+fp/hard\libgcc.a(_udivmoddi4.o)
