../Core/Src/main.c:20:5:main	8	static
../Core/Src/main.c:51:1:custom_delay	24	static,ignoring_inline_asm
../Core/Src/main.c:65:1:gpio_led_init	16	static
../Core/Src/main.c:82:1:gpio_led_write	24	static
../Core/Src/main.c:99:1:gpio_button_init	24	static
../Core/Src/main.c:118:1:gpio_button_read	16	static
../Core/Src/main.c:135:1:exti0_init	24	static
../Core/Src/main.c:154:1:EXTI0_IRQHandler	16	static
../Core/Src/main.c:171:1:exti1_init	24	static
../Core/Src/main.c:190:1:EXTI1_IRQHandler	16	static
