../Core/Src/main.c:22:5:main	8	static
../Core/Src/main.c:53:6:custom_delay	24	static,ignoring_inline_asm
../Core/Src/main.c:67:6:gpio_led_init	16	static
../Core/Src/main.c:87:6:gpio_led_write	24	static
../Core/Src/main.c:96:6:gpio_button_init	24	static
../Core/Src/main.c:116:9:gpio_button_read	16	static
../Core/Src/main.c:130:6:exti0_init	24	static
../Core/Src/main.c:148:6:EXTI0_IRQHandler	16	static
../Core/Src/main.c:164:6:exti1_init	24	static
../Core/Src/main.c:177:6:EXTI1_IRQHandler	16	static
