../Core/Src/main.c:23:5:main	8	static
../Core/Src/main.c:49:6:vectortable_move	24	static
../Core/Src/main.c:61:6:interrupt_init	24	static
../Core/Src/main.c:87:6:dma_init	40	static
../Core/Src/main.c:116:6:sys_delay_ms	32	static
../Core/Src/main.c:138:6:uart_init	32	static
../Core/Src/main.c:178:6:uart_send_char	24	static
../Core/Src/main.c:196:6:uart_send_string	16	static
../Core/Src/main.c:205:9:uart_receive_char	16	static
../Core/Src/main.c:219:6:uart_receive_string	16	static
../Core/Src/main.c:237:6:uart_receive_handler	16	static
../Core/Src/main.c:252:6:dma_transfer_handler	16	static,ignoring_inline_asm
