09:54:31 **** Incremental Build of configuration Debug for project FreeRTOS-uart ****
make -j8 all 
arm-none-eabi-gcc "../Core/Src/main.c" -mcpu=cortex-m4 -std=gnu11 -g3 -DDEBUG -DUSE_HAL_DRIVER -DSTM32F411xE -c -I../Core/Inc -I../Drivers/STM32F4xx_HAL_Driver/Inc -I../Drivers/STM32F4xx_HAL_Driver/Inc/Legacy -I../Drivers/CMSIS/Device/ST/STM32F4xx/Include -I../Drivers/CMSIS/Include -I../Middlewares/Third_Party/FreeRTOS/Source/include -I../Middlewares/Third_Party/FreeRTOS/Source/CMSIS_RTOS_V2 -I../Middlewares/Third_Party/FreeRTOS/Source/portable/GCC/ARM_CM4F -O0 -ffunction-sections -fdata-sections -Wall -fstack-usage -MMD -MP -MF"Core/Src/main.d" -MT"Core/Src/main.o" --specs=nano.specs -mfpu=fpv4-sp-d16 -mfloat-abi=hard -mthumb -o "Core/Src/main.o"
../Core/Src/main.c: In function 'Task1_func':
../Core/Src/main.c:405:26: warning: '
   ' directive writing 2 bytes into a region of size between 1 and 32 [-Wformat-overflow=]
  405 |    sprintf(msg2print, "%s\r\n", msg2print);
      |                          ^~~~
../Core/Src/main.c:405:4: note: 'sprintf' output between 3 and 34 bytes into a destination of size 32
  405 |    sprintf(msg2print, "%s\r\n", msg2print);
      |    ^~~~~~~~~~~~~~~~~~~~~~~~~~~~~~~~~~~~~~~
../Core/Src/main.c:405:4: warning: 'sprintf' argument 3 overlaps destination object 'msg2print' [-Wrestrict]
../Core/Src/main.c:396:9: note: destination object referenced by 'restrict'-qualified argument 1 was declared here
  396 |    char msg2print[32] = {0};
      |         ^~~~~~~~~
../Core/Src/main.c:403:27: warning: ', ' directive writing 2 bytes into a region of size between 1 and 32 [-Wformat-overflow=]
  403 |     sprintf(msg2print, "%s, %ld", msg2print, adc_value);
      |                           ^~
../Core/Src/main.c:403:24: note: using the range [-2147483648, 2147483647] for directive argument
  403 |     sprintf(msg2print, "%s, %ld", msg2print, adc_value);
      |                        ^~~~~~~~~
../Core/Src/main.c:403:5: note: 'sprintf' output between 4 and 45 bytes into a destination of size 32
  403 |     sprintf(msg2print, "%s, %ld", msg2print, adc_value);
      |     ^~~~~~~~~~~~~~~~~~~~~~~~~~~~~~~~~~~~~~~~~~~~~~~~~~~
../Core/Src/main.c:403:5: warning: 'sprintf' argument 3 overlaps destination object 'msg2print' [-Wrestrict]
../Core/Src/main.c:396:9: note: destination object referenced by 'restrict'-qualified argument 1 was declared here
  396 |    char msg2print[32] = {0};
      |         ^~~~~~~~~
arm-none-eabi-gcc -o "FreeRTOS-uart.elf" @"objects.list"   -mcpu=cortex-m4 -T"D:\LeDuyQuoc\arm-stm32f411ve-discovery\stm32cubeide\f411vet6-disco\FreeRTOS-uart\STM32F411VETX_FLASH.ld" --specs=nosys.specs -Wl,-Map="FreeRTOS-uart.map" -Wl,--gc-sections -static --specs=nano.specs -mfpu=fpv4-sp-d16 -mfloat-abi=hard -mthumb -Wl,--start-group -lc -lm -Wl,--end-group
Finished building target: FreeRTOS-uart.elf
 
arm-none-eabi-size   FreeRTOS-uart.elf 
arm-none-eabi-objdump -h -S  FreeRTOS-uart.elf  > "FreeRTOS-uart.list"
   text	   data	    bss	    dec	    hex	filename
  28692	    124	  20524	  49340	   c0bc	FreeRTOS-uart.elf
Finished building: default.size.stdout
 
Finished building: FreeRTOS-uart.list
 

09:54:32 Build Finished. 0 errors, 4 warnings. (took 932ms)

