21:29:54 **** Build of configuration Debug for project gpio-led-effect ****
make -j8 all 
arm-none-eabi-gcc "../Core/Src/main.c" -mcpu=cortex-m4 -std=gnu11 -g3 -DDEBUG -DUSE_HAL_DRIVER -DSTM32F411xE -c -I../Core/Inc -I../Drivers/STM32F4xx_HAL_Driver/Inc -I../Drivers/STM32F4xx_HAL_Driver/Inc/Legacy -I../Drivers/CMSIS/Device/ST/STM32F4xx/Include -I../Drivers/CMSIS/Include -O0 -ffunction-sections -fdata-sections -Wall -fstack-usage -MMD -MP -MF"Core/Src/main.d" -MT"Core/Src/main.o" --specs=nano.specs -mfpu=fpv4-sp-d16 -mfloat-abi=hard -mthumb -o "Core/Src/main.o"
arm-none-eabi-gcc -o "gpio-led-effect.elf" @"objects.list"   -mcpu=cortex-m4 -T"D:\LeDuyQuoc\arm-stm32f411ve-discovery\stm32cubeide\f411vet6-disco\gpio-led-effect\STM32F411VETX_FLASH.ld" --specs=nosys.specs -Wl,-Map="gpio-led-effect.map" -Wl,--gc-sections -static --specs=nano.specs -mfpu=fpv4-sp-d16 -mfloat-abi=hard -mthumb -Wl,--start-group -lc -lm -Wl,--end-group
Finished building target: gpio-led-effect.elf
 
arm-none-eabi-size   gpio-led-effect.elf 
arm-none-eabi-objdump -h -S  gpio-led-effect.elf  > "gpio-led-effect.list"
   text	   data	    bss	    dec	    hex	filename
   2332	     20	   1572	   3924	    f54	gpio-led-effect.elf
Finished building: default.size.stdout
 
Finished building: gpio-led-effect.list
 

21:29:55 Build Finished. 0 errors, 0 warnings. (took 937ms)

