09:53:37 **** Incremental Build of configuration Debug for project gpio-button-multimode ****
make -j8 all 
arm-none-eabi-gcc "../Core/Src/main.c" -mcpu=cortex-m4 -std=gnu11 -g3 -DDEBUG -DUSE_HAL_DRIVER -DSTM32F411xE -c -I../Core/Inc -I../Drivers/STM32F4xx_HAL_Driver/Inc -I../Drivers/STM32F4xx_HAL_Driver/Inc/Legacy -I../Drivers/CMSIS/Device/ST/STM32F4xx/Include -I../Drivers/CMSIS/Include -O0 -ffunction-sections -fdata-sections -Wall -fstack-usage -MMD -MP -MF"Core/Src/main.d" -MT"Core/Src/main.o" --specs=nano.specs -mfpu=fpv4-sp-d16 -mfloat-abi=hard -mthumb -o "Core/Src/main.o"
arm-none-eabi-gcc -o "gpio-button-multimode.elf" @"objects.list"   -mcpu=cortex-m4 -T"D:\LeDuyQuoc\arm-stm32f411ve-discovery\stm32cubeide\f411vet6-disco\gpio-button-multimode\STM32F411VETX_FLASH.ld" --specs=nosys.specs -Wl,-Map="gpio-button-multimode.map" -Wl,--gc-sections -static --specs=nano.specs -mfpu=fpv4-sp-d16 -mfloat-abi=hard -mthumb -Wl,--start-group -lc -lm -Wl,--end-group
Finished building target: gpio-button-multimode.elf
 
arm-none-eabi-size   gpio-button-multimode.elf 
arm-none-eabi-objdump -h -S  gpio-button-multimode.elf  > "gpio-button-multimode.list"
   text	   data	    bss	    dec	    hex	filename
   2404	     20	   1580	   4004	    fa4	gpio-button-multimode.elf
Finished building: default.size.stdout
 
Finished building: gpio-button-multimode.list
 

09:53:38 Build Finished. 0 errors, 0 warnings. (took 920ms)

