15:18:36 **** Incremental Build of configuration Debug for project spi ****
make -j8 all 
arm-none-eabi-gcc "../Core/Src/main.c" -mcpu=cortex-m4 -std=gnu11 -g3 -DDEBUG -DUSE_HAL_DRIVER -DSTM32F411xE -c -I../Core/Inc -I../Drivers/STM32F4xx_HAL_Driver/Inc -I../Drivers/STM32F4xx_HAL_Driver/Inc/Legacy -I../Drivers/CMSIS/Device/ST/STM32F4xx/Include -I../Drivers/CMSIS/Include -O0 -ffunction-sections -fdata-sections -Wall -fstack-usage -MMD -MP -MF"Core/Src/main.d" -MT"Core/Src/main.o" --specs=nano.specs -mfpu=fpv4-sp-d16 -mfloat-abi=hard -mthumb -o "Core/Src/main.o"
../Core/Src/main.c: In function 'spi_send_data':
../Core/Src/main.c:261:10: warning: variable 'tmp' set but not used [-Wunused-but-set-variable]
  261 |  uint8_t tmp;
      |          ^~~
arm-none-eabi-gcc -o "spi.elf" @"objects.list"   -mcpu=cortex-m4 -T"D:\LeDuyQuoc\arm-stm32f411ve-discovery\stm32cubeide\f411vet6-disco\spi\STM32F411VETX_FLASH.ld" --specs=nosys.specs -Wl,-Map="spi.map" -Wl,--gc-sections -static --specs=nano.specs -mfpu=fpv4-sp-d16 -mfloat-abi=hard -mthumb -Wl,--start-group -lc -lm -Wl,--end-group
Finished building target: spi.elf
 
arm-none-eabi-size   spi.elf 
arm-none-eabi-objdump -h -S  spi.elf  > "spi.list"
   text	   data	    bss	    dec	    hex	filename
   1956	     12	   1716	   3684	    e64	spi.elf
Finished building: default.size.stdout
 
Finished building: spi.list
 

15:18:37 Build Finished. 0 errors, 1 warnings. (took 725ms)

