14:28:15 **** Incremental Build of configuration Debug for project tim-output-compare-pwm ****
make -j8 all 
arm-none-eabi-gcc "../Core/Src/main.c" -mcpu=cortex-m4 -std=gnu11 -g3 -DDEBUG -DUSE_HAL_DRIVER -DSTM32F411xE -c -I../Core/Inc -I../Drivers/STM32F4xx_HAL_Driver/Inc -I../Drivers/STM32F4xx_HAL_Driver/Inc/Legacy -I../Drivers/CMSIS/Device/ST/STM32F4xx/Include -I../Drivers/CMSIS/Include -O0 -ffunction-sections -fdata-sections -Wall -fstack-usage -MMD -MP -MF"Core/Src/main.d" -MT"Core/Src/main.o" --specs=nano.specs -mfpu=fpv4-sp-d16 -mfloat-abi=hard -mthumb -o "Core/Src/main.o"
arm-none-eabi-gcc -o "tim-output-compare-pwm.elf" @"objects.list"   -mcpu=cortex-m4 -T"D:\LeDuyQuoc\arm-stm32f411ve-discovery\stm32cubeide\f411vet6-disco\tim-output-compare-pwm\STM32F411VETX_FLASH.ld" --specs=nosys.specs -Wl,-Map="tim-output-compare-pwm.map" -Wl,--gc-sections -static --specs=nano.specs -mfpu=fpv4-sp-d16 -mfloat-abi=hard -mthumb -Wl,--start-group -lc -lm -Wl,--end-group
Finished building target: tim-output-compare-pwm.elf
 
arm-none-eabi-size   tim-output-compare-pwm.elf 
arm-none-eabi-objdump -h -S  tim-output-compare-pwm.elf  > "tim-output-compare-pwm.list"
   text	   data	    bss	    dec	    hex	filename
   1396	     12	   1572	   2980	    ba4	tim-output-compare-pwm.elf
Finished building: default.size.stdout
 
Finished building: tim-output-compare-pwm.list
 

14:28:16 Build Finished. 0 errors, 0 warnings. (took 832ms)

